   Compiling ekr-core v0.0.27 (<worktrees>/epistemic-knowledge-runtime/ekr-schema-proposals-20261003/crates/ekr-core)
   Compiling ekr-ontology v0.0.27 (<worktrees>/epistemic-knowledge-runtime/ekr-schema-proposals-20261003/crates/ekr-ontology)
   Compiling ekr-graph v0.0.27 (<worktrees>/epistemic-knowledge-runtime/ekr-schema-proposals-20261003/crates/ekr-graph)
   Compiling ekr-store v0.0.27 (<worktrees>/epistemic-knowledge-runtime/ekr-schema-proposals-20261003/crates/ekr-store)
   Compiling ekr-integrate v0.0.27 (<worktrees>/epistemic-knowledge-runtime/ekr-schema-proposals-20261003/crates/ekr-integrate)
   Compiling ekr-kernel v0.0.27 (<worktrees>/epistemic-knowledge-runtime/ekr-schema-proposals-20261003/crates/ekr-kernel)
   Compiling ekr-views v0.0.27 (<worktrees>/epistemic-knowledge-runtime/ekr-schema-proposals-20261003/crates/ekr-views)
   Compiling ekr-sdk v0.0.27 (<worktrees>/epistemic-knowledge-runtime/ekr-schema-proposals-20261003/crates/ekr-sdk)
   Compiling ekr v0.0.27 (<worktrees>/epistemic-knowledge-runtime/ekr-schema-proposals-20261003/crates/ekr)
error[E0599]: no method named `submit_schema_proposal` found for struct `Knowledge<T>` in the current scope
   --> crates/ekr/tests/knowledge_cli.rs:134:35
    |
134 |         let submitted = knowledge.submit_schema_proposal(&proposal_input).unwrap();
    |                                   ^^^^^^^^^^^^^^^^^^^^^^ method not found in `Knowledge<&mut ProcessSession>`

error[E0599]: no method named `submit_schema_proposal` found for struct `Knowledge<T>` in the current scope
   --> crates/ekr/tests/knowledge_cli.rs:138:30
    |
138 |         assert_eq!(knowledge.submit_schema_proposal(&proposal_input).unwrap(), submitted);
    |                              ^^^^^^^^^^^^^^^^^^^^^^ method not found in `Knowledge<&mut ProcessSession>`

error[E0599]: no method named `schema_proposal` found for struct `Knowledge<T>` in the current scope
   --> crates/ekr/tests/knowledge_cli.rs:139:30
    |
139 |         assert_eq!(knowledge.schema_proposal(&submitted.proposal.proposal_id).unwrap(), submitted);
    |                              ^^^^^^^^^^^^^^^ method not found in `Knowledge<&mut ProcessSession>`

error[E0599]: no method named `schema_proposal` found for struct `Knowledge<T>` in the current scope
   --> crates/ekr/tests/knowledge_cli.rs:194:30
    |
194 |         assert_eq!(knowledge.schema_proposal(&submitted.proposal.proposal_id).unwrap(), submitted);
    |                              ^^^^^^^^^^^^^^^ method not found in `Knowledge<&mut ProcessSession>`

For more information about this error, try `rustc --explain E0599`.
error: could not compile `ekr` (test "knowledge_cli") due to 4 previous errors
