   Compiling ekr-kernel v0.0.27 (<worktrees>/epistemic-knowledge-runtime/ekr-schema-proposals-20261003/crates/ekr-kernel)
   Compiling ekr-views v0.0.27 (<worktrees>/epistemic-knowledge-runtime/ekr-schema-proposals-20261003/crates/ekr-views)
   Compiling ekr-sdk v0.0.27 (<worktrees>/epistemic-knowledge-runtime/ekr-schema-proposals-20261003/crates/ekr-sdk)
   Compiling ekr v0.0.27 (<worktrees>/epistemic-knowledge-runtime/ekr-schema-proposals-20261003/crates/ekr)
    Finished `test` profile [unoptimized] target(s) in 21.28s
     Running tests/docs_cli.rs (<build-lane>/target/debug/deps/docs_cli-b6bf4ebd93dc82a7)

running 18 tests
test the_structural_codes_are_partitioned_into_schema_shape_and_the_rest ... ok
test readme_says_the_schema_evolves_under_profile_v2 ... ok
test readme_and_agents_point_at_the_page_without_duplicating_each_other ... ok
test the_value_kind_table_names_every_value_kind_and_the_worked_schema_declares_each ... ok
test the_configuration_table_equals_the_global_options_and_names_their_variables ... ok
test the_verb_table_equals_the_verbs_ekr_help_lists ... ok
test every_document_block_is_tagged_and_parses_with_its_real_reader ... ok
test the_operation_kind_table_and_its_applied_split_match_ekr_operations ... ok
test every_code_a_validator_raises_is_a_row_or_measured_unreachable ... ok
test every_refusal_the_page_names_is_a_whole_name_the_runtime_emits ... ok
test no_text_a_reader_meets_says_only_the_p1_profile_is_accepted ... ok
test the_public_site_first_run_runs_as_written_on_both_providers ... ok
test the_readme_first_run_runs_as_written_on_both_providers ... ok
test the_unsupported_constraint_fix_names_modify_property_under_profile_v2 ... ok
test every_refusal_outside_validation_exits_and_reads_as_the_page_says ... ok
test the_worked_example_seeds_commits_and_reads_back_on_both_providers ... ok
test the_schema_evolution_example_commits_and_reads_each_version_back_on_both_providers ... ok
test every_code_a_schema_change_is_refused_with_is_listed_or_unreachable ... ok

test result: ok. 18 passed; 0 failed; 0 ignored; 0 measured; 0 filtered out; finished in 1.14s

     Running tests/knowledge_cli.rs (<build-lane>/target/debug/deps/knowledge_cli-6538a297b4d84a19)

running 2 tests
test observe_is_a_nested_command_and_schema_keeps_its_existing_surface ... ok
test typed_observation_import_retries_and_reads_through_a_real_session ... ok

test result: ok. 2 passed; 0 failed; 0 ignored; 0 measured; 0 filtered out; finished in 0.30s

