task: [spec-check] ess specify validate --path systems/ekr
ekr v1 — 9 file(s), valid
task: [conform-fresh] mkdir -p "${CARGO_TARGET_DIR:-target}/ekr-conformance"
task: [conform-fresh] ess conform synthesize --path systems/ekr --component ekr-kernel --suite-format 5 --target ir --scenarios crates/ekr/tests/fixtures/conformance/scenarios --out "$(realpath "${CARGO_TARGET_DIR:-target}")/ekr-conformance/fresh-suite.json"
outside: ekr.integrate.ApplyExtraction/outcome/applied (OtherComponent)
outside: ekr.integrate.ApplyExtraction/outcome/refused (OtherComponent)
outside: ekr.integrate.ApplySchemaProposal/outcome/answered (OtherComponent)
outside: ekr.integrate.ApplySchemaProposal/outcome/refused (OtherComponent)
outside: ekr.integrate.ApproveSchemaProposal/outcome/answered (OtherComponent)
outside: ekr.integrate.ApproveSchemaProposal/outcome/refused (OtherComponent)
outside: ekr.integrate.DiscoverSchemaGaps/outcome/answered (OtherComponent)
outside: ekr.integrate.ImportInterpretation/outcome/answered (OtherComponent)
outside: ekr.integrate.ImportInterpretation/outcome/refused (OtherComponent)
outside: ekr.integrate.ListInterpretations/outcome/answered (OtherComponent)
outside: ekr.integrate.RejectSchemaProposal/outcome/answered (OtherComponent)
outside: ekr.integrate.RejectSchemaProposal/outcome/refused (OtherComponent)
outside: ekr.integrate.ShowInterpretation/outcome/answered (OtherComponent)
outside: ekr.integrate.ShowInterpretation/outcome/refused (OtherComponent)
outside: ekr.integrate.ShowSchemaProposal/outcome/answered (OtherComponent)
outside: ekr.integrate.ShowSchemaProposal/outcome/refused (OtherComponent)
outside: ekr.integrate.SubmitSchemaProposal/outcome/answered (OtherComponent)
outside: ekr.integrate.SubmitSchemaProposal/outcome/refused (OtherComponent)
outside: ekr.observe.ImportObservation/outcome/answered (OtherComponent)
outside: ekr.observe.ImportObservation/outcome/refused (OtherComponent)
outside: ekr.observe.ListObservations/outcome/listed (OtherComponent)
outside: ekr.observe.ShowObservation/outcome/refused (OtherComponent)
outside: ekr.observe.ShowObservation/outcome/shown (OtherComponent)
outside: ekr.views.ChangesSince/outcome/limit-exceeded (OtherComponent)
outside: ekr.views.ChangesSince/outcome/listed (OtherComponent)
outside: ekr.views.ChangesSince/outcome/not-found (OtherComponent)
outside: ekr.views.ChangesSince/outcome/not-seeded (OtherComponent)
outside: ekr.views.ChangesSince/outcome/since-malformed (OtherComponent)
outside: ekr.views.DescribeNode/outcome/described (OtherComponent)
outside: ekr.views.DescribeNode/outcome/node-not-found (OtherComponent)
outside: ekr.views.DescribeNode/outcome/not-found (OtherComponent)
outside: ekr.views.DescribeNode/outcome/not-seeded (OtherComponent)
outside: ekr.views.DrawFactSample/outcome/drawn (OtherComponent)
outside: ekr.views.DrawFactSample/outcome/limit-exceeded (OtherComponent)
outside: ekr.views.DrawFactSample/outcome/not-found (OtherComponent)
outside: ekr.views.DrawFactSample/outcome/not-seeded (OtherComponent)
outside: ekr.views.ExpandNeighbourhood/outcome/expanded (OtherComponent)
outside: ekr.views.ExpandNeighbourhood/outcome/limit-exceeded (OtherComponent)
outside: ekr.views.ExpandNeighbourhood/outcome/node-not-found (OtherComponent)
outside: ekr.views.ExpandNeighbourhood/outcome/not-found (OtherComponent)
outside: ekr.views.ExpandNeighbourhood/outcome/not-seeded (OtherComponent)
outside: ekr.views.ExportOcel/outcome/event-time-invalid (OtherComponent)
outside: ekr.views.ExportOcel/outcome/event-type-not-found (OtherComponent)
outside: ekr.views.ExportOcel/outcome/exported (OtherComponent)
outside: ekr.views.ExportOcel/outcome/not-found (OtherComponent)
outside: ekr.views.ExportOcel/outcome/not-seeded (OtherComponent)
outside: ekr.views.FindCodeNames/outcome/found (OtherComponent)
outside: ekr.views.FindCodeNames/outcome/not-found (OtherComponent)
outside: ekr.views.FindCodeNames/outcome/not-seeded (OtherComponent)
outside: ekr.views.ProjectGraph/outcome/not-found (OtherComponent)
outside: ekr.views.ProjectGraph/outcome/not-seeded (OtherComponent)
outside: ekr.views.ProjectGraph/outcome/projected (OtherComponent)
outside: ekr.views.ProjectOverview/outcome/limit-exceeded (OtherComponent)
outside: ekr.views.ProjectOverview/outcome/not-found (OtherComponent)
outside: ekr.views.ProjectOverview/outcome/not-seeded (OtherComponent)
outside: ekr.views.ProjectOverview/outcome/overviewed (OtherComponent)
outside: ekr.views.ProjectTimeline/outcome/limit-exceeded (OtherComponent)
outside: ekr.views.ProjectTimeline/outcome/not-found (OtherComponent)
outside: ekr.views.ProjectTimeline/outcome/not-seeded (OtherComponent)
outside: ekr.views.ProjectTimeline/outcome/timelined (OtherComponent)
outside: ekr.views.ReportFactQuality/outcome/judged-twice (OtherComponent)
outside: ekr.views.ReportFactQuality/outcome/limit-exceeded (OtherComponent)
outside: ekr.views.ReportFactQuality/outcome/reported (OtherComponent)
outside: ekr.views.ReportStoreQuality/outcome/not-found (OtherComponent)
outside: ekr.views.ReportStoreQuality/outcome/not-seeded (OtherComponent)
outside: ekr.views.ReportStoreQuality/outcome/reported (OtherComponent)
outside: ekr.views.SearchNodes/outcome/limit-exceeded (OtherComponent)
outside: ekr.views.SearchNodes/outcome/not-found (OtherComponent)
outside: ekr.views.SearchNodes/outcome/not-seeded (OtherComponent)
outside: ekr.views.SearchNodes/outcome/searched (OtherComponent)
72 selected scenario(s), 26 authored source(s), 0 refusal occurrence(s)
task: [conform-fresh] cmp systems/ekr/conformance/suite.json "${CARGO_TARGET_DIR:-target}/ekr-conformance/fresh-suite.json"
task: [conform-fresh] ess conform synthesize --path systems/ekr --component ekr-views --suite-format 5 --target ir --scenarios crates/ekr-views/tests/fixtures/conformance/scenarios --out "$(realpath "${CARGO_TARGET_DIR:-target}")/ekr-conformance/fresh-views-suite.json"
outside: ekr.integrate.ApplyExtraction/outcome/applied (OtherComponent)
outside: ekr.integrate.ApplyExtraction/outcome/refused (OtherComponent)
outside: ekr.integrate.ApplySchemaProposal/outcome/answered (OtherComponent)
outside: ekr.integrate.ApplySchemaProposal/outcome/refused (OtherComponent)
outside: ekr.integrate.ApproveSchemaProposal/outcome/answered (OtherComponent)
outside: ekr.integrate.ApproveSchemaProposal/outcome/refused (OtherComponent)
outside: ekr.integrate.DiscoverSchemaGaps/outcome/answered (OtherComponent)
outside: ekr.integrate.ImportInterpretation/outcome/answered (OtherComponent)
outside: ekr.integrate.ImportInterpretation/outcome/refused (OtherComponent)
outside: ekr.integrate.ListInterpretations/outcome/answered (OtherComponent)
outside: ekr.integrate.RejectSchemaProposal/outcome/answered (OtherComponent)
outside: ekr.integrate.RejectSchemaProposal/outcome/refused (OtherComponent)
outside: ekr.integrate.ShowInterpretation/outcome/answered (OtherComponent)
outside: ekr.integrate.ShowInterpretation/outcome/refused (OtherComponent)
outside: ekr.integrate.ShowSchemaProposal/outcome/answered (OtherComponent)
outside: ekr.integrate.ShowSchemaProposal/outcome/refused (OtherComponent)
outside: ekr.integrate.SubmitSchemaProposal/outcome/answered (OtherComponent)
outside: ekr.integrate.SubmitSchemaProposal/outcome/refused (OtherComponent)
outside: ekr.kernel.AnswerAttention/outcome/answered (OtherComponent)
outside: ekr.kernel.AnswerAttention/outcome/refused (OtherComponent)
outside: ekr.kernel.ApplyUpgrade/outcome/answered (OtherComponent)
outside: ekr.kernel.ApplyUpgrade/outcome/refused (OtherComponent)
outside: ekr.kernel.Commit/outcome/committed (OtherComponent)
outside: ekr.kernel.Commit/outcome/retained-commit (OtherComponent)
outside: ekr.kernel.Commit/outcome/stale (OtherComponent)
outside: ekr.kernel.Commit/outcome/transaction-not-found (OtherComponent)
outside: ekr.kernel.Commit/outcome/wrong-state (OtherComponent)
outside: ekr.kernel.Explain/outcome/explained (OtherComponent)
outside: ekr.kernel.Explain/outcome/not-found (OtherComponent)
outside: ekr.kernel.GraphTransaction/invariant/after/ekr.kernel.Commit/committed (OtherComponent)
outside: ekr.kernel.GraphTransaction/invariant/after/ekr.kernel.Commit/stale (OtherComponent)
outside: ekr.kernel.GraphTransaction/invariant/after/ekr.kernel.Propose/proposed (OtherComponent)
outside: ekr.kernel.GraphTransaction/invariant/after/ekr.kernel.Validate/rejected (OtherComponent)
outside: ekr.kernel.GraphTransaction/invariant/after/ekr.kernel.Validate/validated (OtherComponent)
outside: ekr.kernel.GraphTransaction/state/Committed/refuses/ekr.kernel.Validate (OtherComponent)
outside: ekr.kernel.GraphTransaction/state/Proposed/refuses/ekr.kernel.Commit (OtherComponent)
outside: ekr.kernel.GraphTransaction/state/Rejected/refuses/ekr.kernel.Commit (OtherComponent)
outside: ekr.kernel.GraphTransaction/state/Rejected/refuses/ekr.kernel.Validate (OtherComponent)
outside: ekr.kernel.GraphTransaction/state/Stale/refuses/ekr.kernel.Commit (OtherComponent)
outside: ekr.kernel.GraphTransaction/state/Stale/refuses/ekr.kernel.Validate (OtherComponent)
outside: ekr.kernel.GraphTransaction/state/Validated/refuses/ekr.kernel.Validate (OtherComponent)
outside: ekr.kernel.GraphTransaction/transition/commit/by/ekr.kernel.Commit/committed (OtherComponent)
outside: ekr.kernel.GraphTransaction/transition/reject/by/ekr.kernel.Validate/rejected (OtherComponent)
outside: ekr.kernel.GraphTransaction/transition/stale/by/ekr.kernel.Commit/stale (OtherComponent)
outside: ekr.kernel.GraphTransaction/transition/validate/by/ekr.kernel.Validate/validated (OtherComponent)
outside: ekr.kernel.ListAnswers/outcome/answered (OtherComponent)
outside: ekr.kernel.ListAttention/outcome/answered (OtherComponent)
outside: ekr.kernel.PreviewUpgrade/outcome/answered (OtherComponent)
outside: ekr.kernel.PreviewUpgrade/outcome/refused (OtherComponent)
outside: ekr.kernel.Propose/outcome/malformed (OtherComponent)
outside: ekr.kernel.Propose/outcome/misattributed (OtherComponent)
outside: ekr.kernel.Propose/outcome/proposed (OtherComponent)
outside: ekr.kernel.Seed/outcome/already-seeded (OtherComponent)
outside: ekr.kernel.Seed/outcome/invalid-seed (OtherComponent)
outside: ekr.kernel.Seed/outcome/retained-seed (OtherComponent)
outside: ekr.kernel.Seed/outcome/seeded (OtherComponent)
outside: ekr.kernel.ShowAttention/outcome/answered (OtherComponent)
outside: ekr.kernel.ShowAttention/outcome/refused (OtherComponent)
outside: ekr.kernel.Snapshot/outcome/not-found (OtherComponent)
outside: ekr.kernel.Snapshot/outcome/taken (OtherComponent)
outside: ekr.kernel.Validate/outcome/rejected (OtherComponent)
outside: ekr.kernel.Validate/outcome/revision-not-found (OtherComponent)
outside: ekr.kernel.Validate/outcome/transaction-not-found (OtherComponent)
outside: ekr.kernel.Validate/outcome/validated (OtherComponent)
outside: ekr.observe.ImportObservation/outcome/answered (OtherComponent)
outside: ekr.observe.ImportObservation/outcome/refused (OtherComponent)
outside: ekr.observe.ListObservations/outcome/listed (OtherComponent)
outside: ekr.observe.ShowObservation/outcome/refused (OtherComponent)
outside: ekr.observe.ShowObservation/outcome/shown (OtherComponent)
78 selected scenario(s), 31 authored source(s), 0 refusal occurrence(s)
task: [conform-fresh] cmp systems/ekr/conformance/views-suite.json "${CARGO_TARGET_DIR:-target}/ekr-conformance/fresh-views-suite.json"
task: [conform-fresh] ess conform synthesize --path systems/ekr --component ekr-integrate --suite-format 5 --target ir --out "$(realpath "${CARGO_TARGET_DIR:-target}")/ekr-conformance/fresh-integrate-suite.json"
outside: ekr.kernel.AnswerAttention/outcome/answered (OtherComponent)
outside: ekr.kernel.AnswerAttention/outcome/refused (OtherComponent)
outside: ekr.kernel.ApplyUpgrade/outcome/answered (OtherComponent)
outside: ekr.kernel.ApplyUpgrade/outcome/refused (OtherComponent)
outside: ekr.kernel.Commit/outcome/committed (OtherComponent)
outside: ekr.kernel.Commit/outcome/retained-commit (OtherComponent)
outside: ekr.kernel.Commit/outcome/stale (OtherComponent)
outside: ekr.kernel.Commit/outcome/transaction-not-found (OtherComponent)
outside: ekr.kernel.Commit/outcome/wrong-state (OtherComponent)
outside: ekr.kernel.Explain/outcome/explained (OtherComponent)
outside: ekr.kernel.Explain/outcome/not-found (OtherComponent)
outside: ekr.kernel.GraphTransaction/invariant/after/ekr.kernel.Commit/committed (OtherComponent)
outside: ekr.kernel.GraphTransaction/invariant/after/ekr.kernel.Commit/stale (OtherComponent)
outside: ekr.kernel.GraphTransaction/invariant/after/ekr.kernel.Propose/proposed (OtherComponent)
outside: ekr.kernel.GraphTransaction/invariant/after/ekr.kernel.Validate/rejected (OtherComponent)
outside: ekr.kernel.GraphTransaction/invariant/after/ekr.kernel.Validate/validated (OtherComponent)
outside: ekr.kernel.GraphTransaction/state/Committed/refuses/ekr.kernel.Validate (OtherComponent)
outside: ekr.kernel.GraphTransaction/state/Proposed/refuses/ekr.kernel.Commit (OtherComponent)
outside: ekr.kernel.GraphTransaction/state/Rejected/refuses/ekr.kernel.Commit (OtherComponent)
outside: ekr.kernel.GraphTransaction/state/Rejected/refuses/ekr.kernel.Validate (OtherComponent)
outside: ekr.kernel.GraphTransaction/state/Stale/refuses/ekr.kernel.Commit (OtherComponent)
outside: ekr.kernel.GraphTransaction/state/Stale/refuses/ekr.kernel.Validate (OtherComponent)
outside: ekr.kernel.GraphTransaction/state/Validated/refuses/ekr.kernel.Validate (OtherComponent)
outside: ekr.kernel.GraphTransaction/transition/commit/by/ekr.kernel.Commit/committed (OtherComponent)
outside: ekr.kernel.GraphTransaction/transition/reject/by/ekr.kernel.Validate/rejected (OtherComponent)
outside: ekr.kernel.GraphTransaction/transition/stale/by/ekr.kernel.Commit/stale (OtherComponent)
outside: ekr.kernel.GraphTransaction/transition/validate/by/ekr.kernel.Validate/validated (OtherComponent)
outside: ekr.kernel.ListAnswers/outcome/answered (OtherComponent)
outside: ekr.kernel.ListAttention/outcome/answered (OtherComponent)
outside: ekr.kernel.PreviewUpgrade/outcome/answered (OtherComponent)
outside: ekr.kernel.PreviewUpgrade/outcome/refused (OtherComponent)
outside: ekr.kernel.Propose/outcome/malformed (OtherComponent)
outside: ekr.kernel.Propose/outcome/misattributed (OtherComponent)
outside: ekr.kernel.Propose/outcome/proposed (OtherComponent)
outside: ekr.kernel.Seed/outcome/already-seeded (OtherComponent)
outside: ekr.kernel.Seed/outcome/invalid-seed (OtherComponent)
outside: ekr.kernel.Seed/outcome/retained-seed (OtherComponent)
outside: ekr.kernel.Seed/outcome/seeded (OtherComponent)
outside: ekr.kernel.ShowAttention/outcome/answered (OtherComponent)
outside: ekr.kernel.ShowAttention/outcome/refused (OtherComponent)
outside: ekr.kernel.Snapshot/outcome/not-found (OtherComponent)
outside: ekr.kernel.Snapshot/outcome/taken (OtherComponent)
outside: ekr.kernel.Validate/outcome/rejected (OtherComponent)
outside: ekr.kernel.Validate/outcome/revision-not-found (OtherComponent)
outside: ekr.kernel.Validate/outcome/transaction-not-found (OtherComponent)
outside: ekr.kernel.Validate/outcome/validated (OtherComponent)
outside: ekr.observe.ImportObservation/outcome/answered (OtherComponent)
outside: ekr.observe.ImportObservation/outcome/refused (OtherComponent)
outside: ekr.observe.ListObservations/outcome/listed (OtherComponent)
outside: ekr.observe.ShowObservation/outcome/refused (OtherComponent)
outside: ekr.observe.ShowObservation/outcome/shown (OtherComponent)
outside: ekr.views.ChangesSince/outcome/limit-exceeded (OtherComponent)
outside: ekr.views.ChangesSince/outcome/listed (OtherComponent)
outside: ekr.views.ChangesSince/outcome/not-found (OtherComponent)
outside: ekr.views.ChangesSince/outcome/not-seeded (OtherComponent)
outside: ekr.views.ChangesSince/outcome/since-malformed (OtherComponent)
outside: ekr.views.DescribeNode/outcome/described (OtherComponent)
outside: ekr.views.DescribeNode/outcome/node-not-found (OtherComponent)
outside: ekr.views.DescribeNode/outcome/not-found (OtherComponent)
outside: ekr.views.DescribeNode/outcome/not-seeded (OtherComponent)
outside: ekr.views.DrawFactSample/outcome/drawn (OtherComponent)
outside: ekr.views.DrawFactSample/outcome/limit-exceeded (OtherComponent)
outside: ekr.views.DrawFactSample/outcome/not-found (OtherComponent)
outside: ekr.views.DrawFactSample/outcome/not-seeded (OtherComponent)
outside: ekr.views.ExpandNeighbourhood/outcome/expanded (OtherComponent)
outside: ekr.views.ExpandNeighbourhood/outcome/limit-exceeded (OtherComponent)
outside: ekr.views.ExpandNeighbourhood/outcome/node-not-found (OtherComponent)
outside: ekr.views.ExpandNeighbourhood/outcome/not-found (OtherComponent)
outside: ekr.views.ExpandNeighbourhood/outcome/not-seeded (OtherComponent)
outside: ekr.views.ExportOcel/outcome/event-time-invalid (OtherComponent)
outside: ekr.views.ExportOcel/outcome/event-type-not-found (OtherComponent)
outside: ekr.views.ExportOcel/outcome/exported (OtherComponent)
outside: ekr.views.ExportOcel/outcome/not-found (OtherComponent)
outside: ekr.views.ExportOcel/outcome/not-seeded (OtherComponent)
outside: ekr.views.FindCodeNames/outcome/found (OtherComponent)
outside: ekr.views.FindCodeNames/outcome/not-found (OtherComponent)
outside: ekr.views.FindCodeNames/outcome/not-seeded (OtherComponent)
outside: ekr.views.ProjectGraph/outcome/not-found (OtherComponent)
outside: ekr.views.ProjectGraph/outcome/not-seeded (OtherComponent)
outside: ekr.views.ProjectGraph/outcome/projected (OtherComponent)
outside: ekr.views.ProjectOverview/outcome/limit-exceeded (OtherComponent)
outside: ekr.views.ProjectOverview/outcome/not-found (OtherComponent)
outside: ekr.views.ProjectOverview/outcome/not-seeded (OtherComponent)
outside: ekr.views.ProjectOverview/outcome/overviewed (OtherComponent)
outside: ekr.views.ProjectTimeline/outcome/limit-exceeded (OtherComponent)
outside: ekr.views.ProjectTimeline/outcome/not-found (OtherComponent)
outside: ekr.views.ProjectTimeline/outcome/not-seeded (OtherComponent)
outside: ekr.views.ProjectTimeline/outcome/timelined (OtherComponent)
outside: ekr.views.ReportFactQuality/outcome/judged-twice (OtherComponent)
outside: ekr.views.ReportFactQuality/outcome/limit-exceeded (OtherComponent)
outside: ekr.views.ReportFactQuality/outcome/reported (OtherComponent)
outside: ekr.views.ReportStoreQuality/outcome/not-found (OtherComponent)
outside: ekr.views.ReportStoreQuality/outcome/not-seeded (OtherComponent)
outside: ekr.views.ReportStoreQuality/outcome/reported (OtherComponent)
outside: ekr.views.SearchNodes/outcome/limit-exceeded (OtherComponent)
outside: ekr.views.SearchNodes/outcome/not-found (OtherComponent)
outside: ekr.views.SearchNodes/outcome/not-seeded (OtherComponent)
outside: ekr.views.SearchNodes/outcome/searched (OtherComponent)
18 selected scenario(s), 0 authored source(s), 0 refusal occurrence(s)
task: [conform-fresh] cmp systems/ekr/conformance/integrate-suite.json "${CARGO_TARGET_DIR:-target}/ekr-conformance/fresh-integrate-suite.json"
task: [conform-fresh] ess conform synthesize --path systems/ekr --suite-format 5 --target ir --scenarios crates/ekr/tests/fixtures/conformance/knowledge-scenarios --out "$(realpath "${CARGO_TARGET_DIR:-target}")/ekr-conformance/fresh-knowledge-suite.json"
119 selected scenario(s), 3 authored source(s), 0 refusal occurrence(s)
task: [conform-fresh] cmp crates/ekr/tests/fixtures/conformance/knowledge-suite.json "${CARGO_TARGET_DIR:-target}/ekr-conformance/fresh-knowledge-suite.json"
task: [conform-fresh] ess conform synthesize --path systems/ekr --suite-format 5 --target ir --scenarios crates/ekr/tests/fixtures/conformance/upgrade-scenarios --out "$(realpath "${CARGO_TARGET_DIR:-target}")/ekr-conformance/fresh-upgrade-suite.json"
119 selected scenario(s), 3 authored source(s), 0 refusal occurrence(s)
task: [conform-fresh] cmp crates/ekr/tests/fixtures/conformance/upgrade-suite.json "${CARGO_TARGET_DIR:-target}/ekr-conformance/fresh-upgrade-suite.json"
task: [conform-fresh] ess conform synthesize --path systems/ekr --suite-format 5 --target ir --scenarios crates/ekr/tests/fixtures/conformance/answer-scenarios --out "$(realpath "${CARGO_TARGET_DIR:-target}")/ekr-conformance/fresh-answer-suite.json"
118 selected scenario(s), 2 authored source(s), 0 refusal occurrence(s)
task: [conform-fresh] cmp crates/ekr/tests/fixtures/conformance/answer-suite.json "${CARGO_TARGET_DIR:-target}/ekr-conformance/fresh-answer-suite.json"
task: [conform-fresh] ess conform synthesize --path systems/ekr --suite-format 5 --target ir --scenarios crates/ekr/tests/fixtures/conformance/schema-scenarios --out "$(realpath "${CARGO_TARGET_DIR:-target}")/ekr-conformance/fresh-schema-suite.json"
117 selected scenario(s), 1 authored source(s), 0 refusal occurrence(s)
task: [conform-fresh] cmp crates/ekr/tests/fixtures/conformance/schema-suite.json "${CARGO_TARGET_DIR:-target}/ekr-conformance/fresh-schema-suite.json"
task: [contracts-check] cargo run --locked -p xtask --bin xtask -- contracts-check
    Finished `dev` profile [unoptimized] target(s) in 0.10s
     Running `<build>/target/debug/xtask contracts-check`
generated contracts: both complete artifact trees match; synthesized workspace compiles
