   Compiling ekr-contract-data v0.0.0 (<worktree>/generated/ekr-contract-data)
   Compiling ekr-core v0.0.27 (<worktree>/crates/ekr-core)
   Compiling ekr-ontology v0.0.27 (<worktree>/crates/ekr-ontology)
   Compiling ekr-graph v0.0.27 (<worktree>/crates/ekr-graph)
   Compiling ekr-store v0.0.27 (<worktree>/crates/ekr-store)
   Compiling ekr-integrate v0.0.27 (<worktree>/crates/ekr-integrate)
   Compiling ekr-kernel v0.0.27 (<worktree>/crates/ekr-kernel)
    Finished `test` profile [unoptimized] target(s) in 24.86s
     Running tests/attention_answers_recovery.rs (<scratch>/target/debug/deps/attention_answers_recovery-e91bd6f4cc648027)

running 2 tests
native answer recovery: provider=file point=before temporal=false passed
native answer recovery: provider=file point=before temporal=true passed
test answer_port_fault_resumes_exactly_in_a_fresh_process ... ok
native answer recovery: provider=sqlite point=before temporal=false passed
native answer recovery: provider=sqlite point=before temporal=true passed
native answer recovery: provider=file point=first temporal=false passed
native answer recovery: provider=file point=first temporal=true passed
native answer recovery: provider=sqlite point=first temporal=false passed
native answer recovery: provider=sqlite point=first temporal=true passed
native answer recovery: provider=file point=last temporal=false passed
native answer recovery: provider=file point=last temporal=true passed
native answer recovery: provider=sqlite point=last temporal=false passed
native answer recovery: provider=sqlite point=last temporal=true passed
native answer recovery: provider=file point=after temporal=false passed
native answer recovery: provider=file point=after temporal=true passed
native answer recovery: provider=sqlite point=after temporal=false passed
native answer recovery: provider=sqlite point=after temporal=true passed
test answer_native_process_death_resumes_without_partial_corrections ... ok

test result: ok. 2 passed; 0 failed; 0 ignored; 0 measured; 0 filtered out; finished in 1.12s

