refused[ESS-SYNTH-001]: refusal[ESS-SYNTH-001]: outcome ekr.integrate.ImportInterpretation/answered has no scenario `ekr.integrate.ImportInterpretation/outcome/answered`
  no witness: `recursive response type cannot be finitely admitted` is `fixture inputs`, which typed fixture resolution cannot execute this contract
  help: give the field a type that has a finite value, or drop it from the command's input
refused[ESS-SYNTH-001]: refusal[ESS-SYNTH-001]: outcome ekr.integrate.ImportInterpretation/refused has no scenario `ekr.integrate.ImportInterpretation/outcome/refused`
  no witness: `recursive response type cannot be finitely admitted` is `fixture inputs`, which typed fixture resolution cannot execute this contract
  help: give the field a type that has a finite value, or drop it from the command's input
refused[ESS-SYNTH-001]: refusal[ESS-SYNTH-001]: outcome ekr.integrate.SubmitSchemaProposal/answered has no scenario `ekr.integrate.SubmitSchemaProposal/outcome/answered`
  no witness: `recursive response type cannot be finitely admitted` is `fixture inputs`, which typed fixture resolution cannot execute this contract
  help: give the field a type that has a finite value, or drop it from the command's input
refused[ESS-SYNTH-001]: refusal[ESS-SYNTH-001]: outcome ekr.integrate.SubmitSchemaProposal/refused has no scenario `ekr.integrate.SubmitSchemaProposal/outcome/refused`
  no witness: `recursive response type cannot be finitely admitted` is `fixture inputs`, which typed fixture resolution cannot execute this contract
  help: give the field a type that has a finite value, or drop it from the command's input
outside: ekr.integrate.ApplyExtraction/outcome/applied (OtherComponent)
outside: ekr.integrate.ApplyExtraction/outcome/refused (OtherComponent)
outside: ekr.integrate.ApplySchemaProposal/outcome/answered (OtherComponent)
outside: ekr.integrate.ApplySchemaProposal/outcome/refused (OtherComponent)
outside: ekr.integrate.ApproveSchemaProposal/outcome/answered (OtherComponent)
outside: ekr.integrate.ApproveSchemaProposal/outcome/refused (OtherComponent)
outside: ekr.integrate.DiscoverSchemaGaps/outcome/answered (OtherComponent)
outside: ekr.integrate.DiscoverSchemaGaps/outcome/refused (OtherComponent)
outside: ekr.integrate.ListInterpretations/outcome/answered (OtherComponent)
outside: ekr.integrate.RejectSchemaProposal/outcome/answered (OtherComponent)
outside: ekr.integrate.RejectSchemaProposal/outcome/refused (OtherComponent)
outside: ekr.integrate.ShowInterpretation/outcome/answered (OtherComponent)
outside: ekr.integrate.ShowInterpretation/outcome/refused (OtherComponent)
outside: ekr.integrate.ShowSchemaProposal/outcome/answered (OtherComponent)
outside: ekr.integrate.ShowSchemaProposal/outcome/refused (OtherComponent)
outside: ekr.observe.ImportObservation/outcome/answered (OtherComponent)
outside: ekr.observe.ImportObservation/outcome/refused (OtherComponent)
outside: ekr.observe.ListObservations/outcome/listed (OtherComponent)
outside: ekr.observe.ShowObservation/outcome/refused (OtherComponent)
outside: ekr.observe.ShowObservation/outcome/shown (OtherComponent)
outside: ekr.views.ChangesSince/outcome/limit-exceeded (OtherComponent)
outside: ekr.views.ChangesSince/outcome/listed (OtherComponent)
outside: ekr.views.ChangesSince/outcome/not-found (OtherComponent)
outside: ekr.views.ChangesSince/outcome/not-seeded (OtherComponent)
outside: ekr.views.ChangesSince/outcome/since-malformed (OtherComponent)
outside: ekr.views.DescribeNode/outcome/described (OtherComponent)
outside: ekr.views.DescribeNode/outcome/node-not-found (OtherComponent)
outside: ekr.views.DescribeNode/outcome/not-found (OtherComponent)
outside: ekr.views.DescribeNode/outcome/not-seeded (OtherComponent)
outside: ekr.views.DrawFactSample/outcome/drawn (OtherComponent)
outside: ekr.views.DrawFactSample/outcome/limit-exceeded (OtherComponent)
outside: ekr.views.DrawFactSample/outcome/not-found (OtherComponent)
outside: ekr.views.DrawFactSample/outcome/not-seeded (OtherComponent)
outside: ekr.views.ExpandNeighbourhood/outcome/expanded (OtherComponent)
outside: ekr.views.ExpandNeighbourhood/outcome/limit-exceeded (OtherComponent)
outside: ekr.views.ExpandNeighbourhood/outcome/node-not-found (OtherComponent)
outside: ekr.views.ExpandNeighbourhood/outcome/not-found (OtherComponent)
outside: ekr.views.ExpandNeighbourhood/outcome/not-seeded (OtherComponent)
outside: ekr.views.ExportOcel/outcome/event-time-invalid (OtherComponent)
outside: ekr.views.ExportOcel/outcome/event-type-not-found (OtherComponent)
outside: ekr.views.ExportOcel/outcome/exported (OtherComponent)
outside: ekr.views.ExportOcel/outcome/not-found (OtherComponent)
outside: ekr.views.ExportOcel/outcome/not-seeded (OtherComponent)
outside: ekr.views.FindCodeNames/outcome/found (OtherComponent)
outside: ekr.views.FindCodeNames/outcome/not-found (OtherComponent)
outside: ekr.views.FindCodeNames/outcome/not-seeded (OtherComponent)
outside: ekr.views.ProjectGraph/outcome/not-found (OtherComponent)
outside: ekr.views.ProjectGraph/outcome/not-seeded (OtherComponent)
outside: ekr.views.ProjectGraph/outcome/projected (OtherComponent)
outside: ekr.views.ProjectOverview/outcome/limit-exceeded (OtherComponent)
outside: ekr.views.ProjectOverview/outcome/not-found (OtherComponent)
outside: ekr.views.ProjectOverview/outcome/not-seeded (OtherComponent)
outside: ekr.views.ProjectOverview/outcome/overviewed (OtherComponent)
outside: ekr.views.ProjectTimeline/outcome/limit-exceeded (OtherComponent)
outside: ekr.views.ProjectTimeline/outcome/not-found (OtherComponent)
outside: ekr.views.ProjectTimeline/outcome/not-seeded (OtherComponent)
outside: ekr.views.ProjectTimeline/outcome/timelined (OtherComponent)
outside: ekr.views.ReportFactQuality/outcome/judged-twice (OtherComponent)
outside: ekr.views.ReportFactQuality/outcome/limit-exceeded (OtherComponent)
outside: ekr.views.ReportFactQuality/outcome/reported (OtherComponent)
outside: ekr.views.ReportStoreQuality/outcome/not-found (OtherComponent)
outside: ekr.views.ReportStoreQuality/outcome/not-seeded (OtherComponent)
outside: ekr.views.ReportStoreQuality/outcome/reported (OtherComponent)
outside: ekr.views.SearchNodes/outcome/limit-exceeded (OtherComponent)
outside: ekr.views.SearchNodes/outcome/not-found (OtherComponent)
outside: ekr.views.SearchNodes/outcome/not-seeded (OtherComponent)
outside: ekr.views.SearchNodes/outcome/searched (OtherComponent)
72 selected scenario(s), 26 authored source(s), 4 refusal occurrence(s)
