    Blocking waiting for file lock on package cache
    Blocking waiting for file lock on package cache
    Blocking waiting for file lock on package cache
   Compiling ekr-contract-data v0.0.0 (<worktree>/generated/ekr-contract-data)
   Compiling serde_yaml_ng v0.10.0 (<worktree>/vendor/serde_yaml_ng)
   Compiling ekr-core v0.0.27 (<worktree>/crates/ekr-core)
   Compiling ekr-ontology v0.0.27 (<worktree>/crates/ekr-ontology)
   Compiling ekr-graph v0.0.27 (<worktree>/crates/ekr-graph)
   Compiling ekr-store v0.0.27 (<worktree>/crates/ekr-store)
   Compiling ekr-integrate v0.0.27 (<worktree>/crates/ekr-integrate)
   Compiling ekr-kernel v0.0.27 (<worktree>/crates/ekr-kernel)
   Compiling ekr-views v0.0.27 (<worktree>/crates/ekr-views)
   Compiling ekr-sdk v0.0.27 (<worktree>/crates/ekr-sdk)
   Compiling ekr v0.0.27 (<worktree>/crates/ekr)
error[E0599]: no method named `discover_schema_gaps` found for struct `Knowledge<T>` in the current scope
   --> crates/ekr/tests/knowledge_cli.rs:120:30
    |
120 |         let gaps = knowledge.discover_schema_gaps().unwrap();
    |                              ^^^^^^^^^^^^^^^^^^^^ method not found in `Knowledge<&mut ProcessSession>`

error[E0599]: no method named `discover_schema_gaps` found for struct `Knowledge<T>` in the current scope
   --> crates/ekr/tests/knowledge_cli.rs:174:30
    |
174 |         assert_eq!(knowledge.discover_schema_gaps().unwrap(), gaps);
    |                              ^^^^^^^^^^^^^^^^^^^^ method not found in `Knowledge<&mut ProcessSession>`

For more information about this error, try `rustc --explain E0599`.
error: could not compile `ekr` (test "knowledge_cli") due to 2 previous errors
