   Compiling syn v3.0.6
   Compiling serde_derive v1.0.229
   Compiling serde_json v1.0.151
   Compiling serde v1.0.229
   Compiling memchr v2.8.3
   Compiling hashbrown v0.17.1
   Compiling thiserror-impl v2.0.21
   Compiling typenum v1.20.1
   Compiling generic-array v0.14.7
   Compiling thiserror v2.0.21
   Compiling ref-cast-impl v1.0.27
   Compiling serde_derive_internals v0.30.0
   Compiling indexmap v2.14.2
   Compiling schemars_derive v1.2.2
   Compiling ref-cast v1.0.27
   Compiling block-buffer v0.10.4
   Compiling crypto-common v0.1.7
   Compiling schemars v1.2.2
   Compiling serde_yaml_ng v0.10.0 (<worktree>/vendor/serde_yaml_ng)
   Compiling digest v0.10.7
   Compiling ekr-contract-data v0.0.0 (<worktree>/generated/ekr-contract-data)
   Compiling ekr-core v0.0.27 (<worktree>/crates/ekr-core)
   Compiling sha2 v0.10.9
   Compiling getrandom v0.3.4
   Compiling rand_core v0.9.5
   Compiling eventlog-core v0.5.0 (https://github.com/beyond10x/eventlog?rev=fe8a0a7e6e97afde87b349f0840d6e2ed28df3f8#fe8a0a7e)
   Compiling ekr-ontology v0.0.27 (<worktree>/crates/ekr-ontology)
   Compiling hashlink v0.12.2
   Compiling rusqlite v0.40.2
   Compiling num-traits v0.2.19
   Compiling ekr-graph v0.0.27 (<worktree>/crates/ekr-graph)
   Compiling winnow v1.0.4
   Compiling toml_parser v1.1.3+spec-1.1.0
   Compiling ppv-lite86 v0.2.21
   Compiling eventlog-sqlite v0.5.0 (https://github.com/beyond10x/eventlog?rev=fe8a0a7e6e97afde87b349f0840d6e2ed28df3f8#fe8a0a7e)
   Compiling eventlog-file v0.5.0 (https://github.com/beyond10x/eventlog?rev=fe8a0a7e6e97afde87b349f0840d6e2ed28df3f8#fe8a0a7e)
   Compiling toml_datetime v1.1.1+spec-1.1.0
   Compiling serde_spanned v1.1.1
   Compiling bit-vec v0.8.0
   Compiling fnv v1.0.7
   Compiling quick-error v1.2.3
   Compiling toml_writer v1.1.2+spec-1.1.0
   Compiling toml v1.1.6+spec-1.1.0
   Compiling rusty-fork v0.3.1
   Compiling bit-set v0.8.0
   Compiling ekr-store v0.0.27 (<worktree>/crates/ekr-store)
   Compiling rand_chacha v0.9.0
   Compiling target-tuple v1.0.2
   Compiling ekr-integrate v0.0.27 (<worktree>/crates/ekr-integrate)
   Compiling rand v0.9.5
   Compiling rand_xorshift v0.4.0
   Compiling glob v0.3.4
   Compiling unarray v0.1.4
   Compiling termcolor v1.4.1
   Compiling proptest v1.11.0
   Compiling trybuild v1.0.121
   Compiling ekr-kernel v0.0.27 (<worktree>/crates/ekr-kernel)
    Finished `test` profile [unoptimized] target(s) in 1m 24s
     Running tests/authority_upgrade.rs (<temporary-target>/target/debug/deps/authority_upgrade-ddc90112102a91e8)

running 5 tests
test full_replay_rejects_changed_transition_records_and_missing_review_objects ... ok
test a_lost_upgrade_race_allows_a_new_review_without_reusing_the_old_preparation ... ok
test upgrade_port_fault_resumes_exactly_in_a_fresh_process ... ok
test runtime_facade_upgrades_and_reopens_with_independently_provisioned_trust ... ok
test upgrade_preserves_historical_rules_hashes_and_requires_revalidation ... ok

test result: ok. 5 passed; 0 failed; 0 ignored; 0 measured; 0 filtered out; finished in 0.24s

     Running tests/human_review.rs (<temporary-target>/target/debug/deps/human_review-c899dd72c88b1577)

running 14 tests
test independent_binding_refuses_substituted_policy_and_store ... ok
test forged_truncated_and_altered_signatures_refuse ... ok
test even_valid_signatures_cannot_cross_audience_key_policy_or_predecessor ... ok
test generated_json_review_documents_preserve_all_signed_targets_and_reject_bad_scalars ... ok
test canonical_readers_refuse_every_truncation_and_trailing_byte ... ok
test policy_refuses_duplicate_keys_scopes_wrong_key_digest_and_noncanonical_order ... ok
test signing_message_matches_the_fixed_binary_layout_vector ... ok
test policy_key_order_is_checked_and_an_empty_policy_never_authorizes ... ok
test signing_codec_has_explicit_domain_and_ess_field_order_and_refuses_invalid_scalars ... ok
test verified_operator_comes_from_policy_and_statement_and_target_are_bound ... ok
test all_four_targets_verify_only_in_their_own_enrolled_scope ... ok
test retained_proof_and_every_review_basis_field_are_bound ... ok
test protocol_digests_and_object_addresses_resolve_the_same_bytes_after_both_provider_reopens ... ok
test no_single_byte_change_in_retained_proof_can_replay_as_approved ... ok

test result: ok. 14 passed; 0 failed; 0 ignored; 0 measured; 0 filtered out; finished in 0.02s

