   Compiling proc-macro2 v1.0.107
   Compiling unicode-ident v1.0.26
   Compiling quote v1.0.47
   Compiling syn v3.0.6
   Compiling serde_core v1.0.229
   Compiling libc v0.2.189
    Checking memchr v2.8.3
    Checking cfg-if v1.0.5
   Compiling serde v1.0.229
   Compiling serde_derive v1.0.229
   Compiling zmij v1.0.23
    Checking itoa v1.0.18
   Compiling serde_json v1.0.151
    Checking foldhash v0.2.0
    Checking equivalent v1.0.2
    Checking allocator-api2 v0.2.21
    Checking hashbrown v0.17.1
    Checking typenum v1.20.1
   Compiling version_check v0.9.5
   Compiling thiserror v2.0.21
   Compiling thiserror-impl v2.0.21
   Compiling shlex v2.0.1
   Compiling find-msvc-tools v0.1.14
   Compiling cc v1.5.1
    Checking indexmap v2.14.2
   Compiling getrandom v0.4.3
    Checking unsafe-libyaml v0.2.11
    Checking dyn-clone v1.0.20
    Checking ryu v1.0.23
   Compiling ref-cast v1.0.27
   Compiling ref-cast-impl v1.0.27
   Compiling generic-array v0.14.7
    Checking bitflags v2.13.2
    Checking uuid v1.26.1
   Compiling syn v2.0.119
   Compiling autocfg v1.5.1
   Compiling num-traits v0.2.19
   Compiling ring v0.17.14
   Compiling serde_derive_internals v0.30.0
   Compiling schemars_derive v1.2.2
    Checking getrandom v0.2.17
    Checking untrusted v0.9.0
    Checking smallvec v1.16.2
    Checking once_cell v1.21.4
    Checking schemars v1.2.2
    Checking crypto-common v0.1.7
    Checking block-buffer v0.10.4
    Checking serde_yaml_ng v0.10.0 (<worktree>/vendor/serde_yaml_ng)
    Checking hybrid-array v0.4.15
    Checking ekr-contract-data v0.0.0 (<worktree>/generated/ekr-contract-data)
   Compiling pkg-config v0.3.34
    Checking ekr-types v1.0.0 (<worktree>/generated/ekr-contracts/crates/ekr-types)
   Compiling vcpkg v0.2.15
    Checking hex v0.4.3
    Checking ekr-core v0.0.27 (<worktree>/crates/ekr-core)
   Compiling libsqlite3-sys v0.38.2
    Checking digest v0.10.7
   Compiling serde_derive_internals v0.29.1
    Checking deranged v0.5.8
   Compiling cfg_aliases v0.2.2
   Compiling schemars v0.8.22
    Checking cpufeatures v0.2.17
    Checking time-core v0.1.9
    Checking powerfmt v0.2.0
   Compiling rustix v1.1.5
    Checking num-conv v0.2.2
    Checking time v0.3.55
    Checking sha2 v0.10.9
   Compiling nix v0.30.1
   Compiling schemars_derive v0.8.22
    Checking block-buffer v0.12.1
    Checking crypto-common v0.2.2
    Checking num-integer v0.1.47
    Checking pin-project-lite v0.2.17
    Checking linux-raw-sys v0.12.1
    Checking const-oid v0.10.2
    Checking regex-syntax v0.8.11
    Checking digest v0.11.3
    Checking tokio v1.53.1
    Checking eventlog-core v0.5.0 (https://github.com/beyond10x/eventlog?rev=fe8a0a7e6e97afde87b349f0840d6e2ed28df3f8#fe8a0a7e)
    Checking ekr-ontology v0.0.27 (<worktree>/crates/ekr-ontology)
    Checking serde_yaml v0.9.34+deprecated
    Checking hashlink v0.12.2
    Checking aho-corasick v1.1.5
   Compiling heck v0.5.0
    Checking cpufeatures v0.3.1
   Compiling zerocopy v0.8.59
    Checking fallible-streaming-iterator v0.1.9
    Checking fallible-iterator v0.3.0
    Checking fastrand v2.5.0
    Checking anstyle v1.0.14
   Compiling getrandom v0.3.4
    Checking tempfile v3.27.0
    Checking rusqlite v0.40.2
    Checking sha2 v0.11.0
    Checking regex-automata v0.4.18
    Checking ess-primitives v0.36.0 (https://github.com/beyond10x/ess?rev=be44a3365eb273cb3d447b74cd5b0e75181d284e#be44a336)
    Checking ekr-graph v0.0.27 (<worktree>/crates/ekr-graph)
    Checking num-bigint v0.4.8
   Compiling ahash v0.8.12
    Checking utf8parse v0.2.2
   Compiling pulldown-cmark v0.13.4
   Compiling parking_lot_core v0.9.12
    Checking anstyle-parse v1.0.0
    Checking num-rational v0.4.2
    Checking eventlog-sqlite v0.5.0 (https://github.com/beyond10x/eventlog?rev=fe8a0a7e6e97afde87b349f0840d6e2ed28df3f8#fe8a0a7e)
    Checking ess-domain v0.36.0 (https://github.com/beyond10x/ess?rev=be44a3365eb273cb3d447b74cd5b0e75181d284e#be44a336)
    Checking eventlog-file v0.5.0 (https://github.com/beyond10x/eventlog?rev=fe8a0a7e6e97afde87b349f0840d6e2ed28df3f8#fe8a0a7e)
    Checking num-iter v0.1.46
    Checking num-complex v0.4.6
    Checking pulldown-cmark-escape v0.11.0
    Checking colorchoice v1.0.5
    Checking unicase v2.9.0
    Checking scopeguard v1.2.0
    Checking anstyle-query v1.1.5
    Checking is_terminal_polyfill v1.70.2
    Checking anstream v1.0.0
    Checking lock_api v0.4.14
    Checking num v0.4.3
    Checking ekr-store v0.0.27 (<worktree>/crates/ekr-store)
    Checking ess-compiler v0.36.0 (https://github.com/beyond10x/ess?rev=be44a3365eb273cb3d447b74cd5b0e75181d284e#be44a336)
    Checking ekr-integrate v0.0.27 (<worktree>/crates/ekr-integrate)
    Checking errno v0.3.14
   Compiling jsonschema-value v0.58.0
    Checking clap_lex v1.1.1
    Checking bit-vec v0.8.0
   Compiling unicode-general-category v1.1.0
    Checking borrow-or-share v0.2.4
    Checking predicates-core v1.0.10
    Checking strsim v0.11.1
   Compiling httparse v1.10.1
   Compiling signal-hook v0.3.18
    Checking clap_builder v4.6.7
    Checking fluent-uri v0.4.1
    Checking bit-set v0.8.0
    Checking signal-hook-registry v1.4.8
    Checking ekr-kernel v0.0.27 (<worktree>/crates/ekr-kernel)
    Checking parking_lot v0.12.5
    Checking ess-gen v0.36.0 (https://github.com/beyond10x/ess?rev=be44a3365eb273cb3d447b74cd5b0e75181d284e#be44a336)
    Checking fraction v0.17.0
   Compiling clap_derive v4.6.7
   Compiling strum_macros v0.28.0
    Checking percent-encoding v2.3.2
    Checking micromap v0.3.0
    Checking bytecount v0.6.9
    Checking outref v0.5.2
    Checking termtree v0.5.1
    Checking vsimd v0.8.0
   Compiling assert_cmd v2.2.2
    Checking num-cmp v0.1.0
    Checking difflib v0.4.0
    Checking predicates v3.1.4
    Checking uuid-simd v0.8.0
    Checking predicates-tree v1.0.13
    Checking referencing v0.58.0
    Checking strum v0.28.0
    Checking clap v4.6.7
    Checking ess-conformance v0.36.0 (https://github.com/beyond10x/ess?rev=be44a3365eb273cb3d447b74cd5b0e75181d284e#be44a336)
    Checking ekr-views v0.0.27 (<worktree>/crates/ekr-views)
    Checking fancy-regex v0.19.2
    Checking bstr v1.13.1
    Checking regex v1.13.1
    Checking ekr-sdk v0.0.27 (<worktree>/crates/ekr-sdk)
    Checking jsonschema-regex v0.58.0
    Checking email_address v0.2.9
    Checking wait-timeout v0.2.1
    Checking data-encoding v2.11.1
    Checking jsonschema v0.58.0
    Checking ekr v0.0.27 (<worktree>/crates/ekr)
error[E0432]: unresolved import `ekr_kernel::PublishedEvent`
 --> crates/ekr/tests/support/upgrade_target.rs:8:32
  |
8 | use ekr_kernel::{human_review, PublishedEvent, Runtime, VerifiedRead};
  |                                ^^^^^^^^^^^^^^ no `PublishedEvent` in the root

For more information about this error, try `rustc --explain E0432`.
error: could not compile `ekr` (test "conformance_knowledge") due to 1 previous error
