   Compiling ekr-kernel v0.0.27 (<home>/.local/state/worktree/trees/b10x/epistemic-knowledge-runtime/ekr-knowledge-disputes-20261003/crates/ekr-kernel)
    Finished `test` profile [unoptimized] target(s) in 7.63s
     Running tests/authority_upgrade.rs (target/debug/deps/authority_upgrade-9a644cbd383ea536)

running 4 tests
test full_replay_rejects_changed_transition_records_and_missing_review_objects ... ok
test a_lost_upgrade_race_allows_a_new_review_without_reusing_the_old_preparation ... ok
test upgrade_port_fault_resumes_exactly_in_a_fresh_process ... ok
test upgrade_preserves_historical_rules_hashes_and_requires_revalidation ... ok

test result: ok. 4 passed; 0 failed; 0 ignored; 0 measured; 0 filtered out; finished in 0.22s

     Running tests/knowledge_retention.rs (target/debug/deps/knowledge_retention-159f5c5cffaf6648)

running 8 tests
test inconsistent_observation_is_refused_without_retaining_anything ... ok
test retained_sources_pin_exact_bytes_on_both_providers ... ok
test rejected_interpretation_retains_its_sources ... ok
test observation_retry_is_idempotent ... ok
test concurrent_imports_choose_one_immutable_record ... ok
test generated_observation_commands_preserve_provider_faults ... ok
test invalid_local_shape_and_evidence_are_refused_before_any_publication ... ok
test unmapped_knowledge_survives_reopen ... ok

test result: ok. 8 passed; 0 failed; 0 ignored; 0 measured; 0 filtered out; finished in 0.06s

