   Compiling ekr-views v0.0.27 (<worktree>/crates/ekr-views)
    Finished `test` profile [unoptimized] target(s) in 1.67s
     Running tests/conformance.rs (<build>/target/debug/deps/conformance-5331a7cfa61234e8)

running 4 tests
test the_provenance_and_the_baseline_name_every_authored_scenario_file ... ok
test the_committed_suite_is_the_complete_views_inventory ... ok
sqlite provider: selected 78 total 78 passed 78 failed 0 error 0 unsupported 0 skipped 0 execution Passed conformance Passed report <build>/target/ekr-views-conformance/sqlite/report.json
  passed ekr.views.ChangesSince/outcome/limit-exceeded
  passed ekr.views.ChangesSince/outcome/listed
  passed ekr.views.ChangesSince/outcome/not-found
  passed ekr.views.ChangesSince/outcome/not-seeded
  passed ekr.views.ChangesSince/outcome/since-malformed
  passed ekr.views.DescribeNode/outcome/described
  passed ekr.views.DescribeNode/outcome/node-not-found
  passed ekr.views.DescribeNode/outcome/not-found
  passed ekr.views.DescribeNode/outcome/not-seeded
  passed ekr.views.DrawFactSample/outcome/drawn
  passed ekr.views.DrawFactSample/outcome/limit-exceeded
  passed ekr.views.DrawFactSample/outcome/not-found
  passed ekr.views.DrawFactSample/outcome/not-seeded
  passed ekr.views.ExpandNeighbourhood/outcome/expanded
  passed ekr.views.ExpandNeighbourhood/outcome/limit-exceeded
  passed ekr.views.ExpandNeighbourhood/outcome/node-not-found
  passed ekr.views.ExpandNeighbourhood/outcome/not-found
  passed ekr.views.ExpandNeighbourhood/outcome/not-seeded
  passed ekr.views.ExportOcel/outcome/event-time-invalid
  passed ekr.views.ExportOcel/outcome/event-type-not-found
  passed ekr.views.ExportOcel/outcome/exported
  passed ekr.views.ExportOcel/outcome/not-found
  passed ekr.views.ExportOcel/outcome/not-seeded
  passed ekr.views.FindCodeNames/outcome/found
  passed ekr.views.FindCodeNames/outcome/not-found
  passed ekr.views.FindCodeNames/outcome/not-seeded
  passed ekr.views.ProjectGraph/outcome/not-found
  passed ekr.views.ProjectGraph/outcome/not-seeded
  passed ekr.views.ProjectGraph/outcome/projected
  passed ekr.views.ProjectOverview/outcome/limit-exceeded
  passed ekr.views.ProjectOverview/outcome/not-found
  passed ekr.views.ProjectOverview/outcome/not-seeded
  passed ekr.views.ProjectOverview/outcome/overviewed
  passed ekr.views.ProjectTimeline/outcome/limit-exceeded
  passed ekr.views.ProjectTimeline/outcome/not-found
  passed ekr.views.ProjectTimeline/outcome/not-seeded
  passed ekr.views.ProjectTimeline/outcome/timelined
  passed ekr.views.ReportFactQuality/outcome/judged-twice
  passed ekr.views.ReportFactQuality/outcome/limit-exceeded
  passed ekr.views.ReportFactQuality/outcome/reported
  passed ekr.views.ReportStoreQuality/outcome/not-found
  passed ekr.views.ReportStoreQuality/outcome/not-seeded
  passed ekr.views.ReportStoreQuality/outcome/reported
  passed ekr.views.SearchNodes/outcome/limit-exceeded
  passed ekr.views.SearchNodes/outcome/not-found
  passed ekr.views.SearchNodes/outcome/not-seeded
  passed ekr.views.SearchNodes/outcome/searched
  passed ekr.views/authored/a-cursor-pages-a-neighbourhood-to-its-end
  passed ekr.views/authored/a-cursor-pages-the-changes-to-their-end
  passed ekr.views/authored/a-fact-quality-report-is-the-wilson-interval-of-the-judged-sample
  passed ekr.views/authored/a-fact-sample-is-the-same-draw-for-the-same-seed-size-and-revision
  passed ekr.views/authored/a-lineage-lists-widened-ends-and-modified-properties
  passed ekr.views/authored/a-node-is-not-found-at-a-revision-before-it-existed
  passed ekr.views/authored/a-property-a-subtype-redeclares-is-projected-for-each-type
  passed ekr.views/authored/a-quality-report-counts-evidence-constraints-and-shared-names
  passed ekr.views/authored/a-retracted-assertion-is-projected-with-its-lifecycle
  passed ekr.views/authored/a-revision-beyond-the-head-is-refused
  passed ekr.views/authored/a-revision-since-lists-the-changes-after-it
  passed ekr.views/authored/a-schema-evolution-projects-each-version-from-its-revision
  passed ekr.views/authored/a-search-lists-at-most-its-limit-of-matches
  passed ekr.views/authored/a-search-with-no-match-answers-an-empty-list
  passed ekr.views/authored/a-seed-only-store-projects-revision-zero
  passed ekr.views/authored/a-timeline-refuses-each-input-outside-its-bound
  passed ekr.views/authored/a-timeline-row-is-a-subject-with-its-events-within-hops
  passed ekr.views/authored/a-transaction-time-since-lists-the-revisions-committed-after-it
  passed ekr.views/authored/a-valid-time-since-lists-the-assertion-changes-valid-after-it
  passed ekr.views/authored/an-add-evidence-is-listed-once-as-evidence-added
  passed ekr.views/authored/an-assertion-about-an-edge-is-carried-by-that-edge
  passed ekr.views/authored/an-expansion-refuses-each-input-outside-its-bound
  passed ekr.views/authored/an-ocel-export-takes-events-from-valid-time-and-objects-from-the-rest
  passed ekr.views/authored/an-overview-lists-at-most-its-limit-of-top-nodes
  passed ekr.views/authored/an-unknown-seed-is-refused-by-name
  passed ekr.views/authored/changes-refuse-a-malformed-since-and-each-bound
  passed ekr.views/authored/code-names-reports-each-planted-name-and-no-id-or-vocabulary
  passed ekr.views/authored/named-event-time-resolves-inherited-properties-at-the-requested-revision
  passed ekr.views/authored/seeded-evidence-is-projected-as-retained
  passed ekr.views/authored/the-edge-limit-cuts-a-page-between-a-node-and-its-edges
  passed ekr.views/authored/the-overview-derives-roles-and-timeline-from-valid-time
test the_sqlite_provider_passes_every_admitted_views_scenario ... ok
file provider: selected 78 total 78 passed 78 failed 0 error 0 unsupported 0 skipped 0 execution Passed conformance Passed report <build>/target/ekr-views-conformance/file/report.json
  passed ekr.views.ChangesSince/outcome/limit-exceeded
  passed ekr.views.ChangesSince/outcome/listed
  passed ekr.views.ChangesSince/outcome/not-found
  passed ekr.views.ChangesSince/outcome/not-seeded
  passed ekr.views.ChangesSince/outcome/since-malformed
  passed ekr.views.DescribeNode/outcome/described
  passed ekr.views.DescribeNode/outcome/node-not-found
  passed ekr.views.DescribeNode/outcome/not-found
  passed ekr.views.DescribeNode/outcome/not-seeded
  passed ekr.views.DrawFactSample/outcome/drawn
  passed ekr.views.DrawFactSample/outcome/limit-exceeded
  passed ekr.views.DrawFactSample/outcome/not-found
  passed ekr.views.DrawFactSample/outcome/not-seeded
  passed ekr.views.ExpandNeighbourhood/outcome/expanded
  passed ekr.views.ExpandNeighbourhood/outcome/limit-exceeded
  passed ekr.views.ExpandNeighbourhood/outcome/node-not-found
  passed ekr.views.ExpandNeighbourhood/outcome/not-found
  passed ekr.views.ExpandNeighbourhood/outcome/not-seeded
  passed ekr.views.ExportOcel/outcome/event-time-invalid
  passed ekr.views.ExportOcel/outcome/event-type-not-found
  passed ekr.views.ExportOcel/outcome/exported
  passed ekr.views.ExportOcel/outcome/not-found
  passed ekr.views.ExportOcel/outcome/not-seeded
  passed ekr.views.FindCodeNames/outcome/found
  passed ekr.views.FindCodeNames/outcome/not-found
  passed ekr.views.FindCodeNames/outcome/not-seeded
  passed ekr.views.ProjectGraph/outcome/not-found
  passed ekr.views.ProjectGraph/outcome/not-seeded
  passed ekr.views.ProjectGraph/outcome/projected
  passed ekr.views.ProjectOverview/outcome/limit-exceeded
  passed ekr.views.ProjectOverview/outcome/not-found
  passed ekr.views.ProjectOverview/outcome/not-seeded
  passed ekr.views.ProjectOverview/outcome/overviewed
  passed ekr.views.ProjectTimeline/outcome/limit-exceeded
  passed ekr.views.ProjectTimeline/outcome/not-found
  passed ekr.views.ProjectTimeline/outcome/not-seeded
  passed ekr.views.ProjectTimeline/outcome/timelined
  passed ekr.views.ReportFactQuality/outcome/judged-twice
  passed ekr.views.ReportFactQuality/outcome/limit-exceeded
  passed ekr.views.ReportFactQuality/outcome/reported
  passed ekr.views.ReportStoreQuality/outcome/not-found
  passed ekr.views.ReportStoreQuality/outcome/not-seeded
  passed ekr.views.ReportStoreQuality/outcome/reported
  passed ekr.views.SearchNodes/outcome/limit-exceeded
  passed ekr.views.SearchNodes/outcome/not-found
  passed ekr.views.SearchNodes/outcome/not-seeded
  passed ekr.views.SearchNodes/outcome/searched
  passed ekr.views/authored/a-cursor-pages-a-neighbourhood-to-its-end
  passed ekr.views/authored/a-cursor-pages-the-changes-to-their-end
  passed ekr.views/authored/a-fact-quality-report-is-the-wilson-interval-of-the-judged-sample
  passed ekr.views/authored/a-fact-sample-is-the-same-draw-for-the-same-seed-size-and-revision
  passed ekr.views/authored/a-lineage-lists-widened-ends-and-modified-properties
  passed ekr.views/authored/a-node-is-not-found-at-a-revision-before-it-existed
  passed ekr.views/authored/a-property-a-subtype-redeclares-is-projected-for-each-type
  passed ekr.views/authored/a-quality-report-counts-evidence-constraints-and-shared-names
  passed ekr.views/authored/a-retracted-assertion-is-projected-with-its-lifecycle
  passed ekr.views/authored/a-revision-beyond-the-head-is-refused
  passed ekr.views/authored/a-revision-since-lists-the-changes-after-it
  passed ekr.views/authored/a-schema-evolution-projects-each-version-from-its-revision
  passed ekr.views/authored/a-search-lists-at-most-its-limit-of-matches
  passed ekr.views/authored/a-search-with-no-match-answers-an-empty-list
  passed ekr.views/authored/a-seed-only-store-projects-revision-zero
  passed ekr.views/authored/a-timeline-refuses-each-input-outside-its-bound
  passed ekr.views/authored/a-timeline-row-is-a-subject-with-its-events-within-hops
  passed ekr.views/authored/a-transaction-time-since-lists-the-revisions-committed-after-it
  passed ekr.views/authored/a-valid-time-since-lists-the-assertion-changes-valid-after-it
  passed ekr.views/authored/an-add-evidence-is-listed-once-as-evidence-added
  passed ekr.views/authored/an-assertion-about-an-edge-is-carried-by-that-edge
  passed ekr.views/authored/an-expansion-refuses-each-input-outside-its-bound
  passed ekr.views/authored/an-ocel-export-takes-events-from-valid-time-and-objects-from-the-rest
  passed ekr.views/authored/an-overview-lists-at-most-its-limit-of-top-nodes
  passed ekr.views/authored/an-unknown-seed-is-refused-by-name
  passed ekr.views/authored/changes-refuse-a-malformed-since-and-each-bound
  passed ekr.views/authored/code-names-reports-each-planted-name-and-no-id-or-vocabulary
  passed ekr.views/authored/named-event-time-resolves-inherited-properties-at-the-requested-revision
  passed ekr.views/authored/seeded-evidence-is-projected-as-retained
  passed ekr.views/authored/the-edge-limit-cuts-a-page-between-a-node-and-its-edges
  passed ekr.views/authored/the-overview-derives-roles-and-timeline-from-valid-time
test the_file_provider_passes_every_admitted_views_scenario ... ok

test result: ok. 4 passed; 0 failed; 0 ignored; 0 measured; 0 filtered out; finished in 6.85s

