   Compiling serde_core v1.0.229
   Compiling serde v1.0.229
   Compiling serde_json v1.0.151
   Compiling uuid v1.26.1
   Compiling deranged v0.5.8
   Compiling time v0.3.55
   Compiling ekr-contract-data v0.0.0 (<worktree>/generated/ekr-contract-data)
   Compiling serde_yaml_ng v0.10.0 (<worktree>/vendor/serde_yaml_ng)
   Compiling ekr-core v0.0.27 (<worktree>/crates/ekr-core)
   Compiling schemars v0.8.22
   Compiling serde_yaml v0.9.34+deprecated
   Compiling ess-primitives v0.52.0 (https://github.com/beyond10x/ess?rev=4d6a4ecafc0feb4e11e4bee777b19c7351fa3647#4d6a4eca)
   Compiling eventlog-core v0.5.0 (https://github.com/beyond10x/eventlog?rev=fe8a0a7e6e97afde87b349f0840d6e2ed28df3f8#fe8a0a7e)
   Compiling crossbeam-utils v0.8.23
   Compiling ekr-ontology v0.0.27 (<worktree>/crates/ekr-ontology)
   Compiling ekr-graph v0.0.27 (<worktree>/crates/ekr-graph)
   Compiling crossbeam-epoch v0.9.21
   Compiling ess-domain v0.52.0 (https://github.com/beyond10x/ess?rev=4d6a4ecafc0feb4e11e4bee777b19c7351fa3647#4d6a4eca)
   Compiling iana-time-zone v0.1.65
   Compiling chrono v0.4.45
   Compiling ess-compiler v0.52.0 (https://github.com/beyond10x/ess?rev=4d6a4ecafc0feb4e11e4bee777b19c7351fa3647#4d6a4eca)
   Compiling crossbeam-deque v0.8.8
   Compiling eventlog-sqlite v0.5.0 (https://github.com/beyond10x/eventlog?rev=fe8a0a7e6e97afde87b349f0840d6e2ed28df3f8#fe8a0a7e)
   Compiling eventlog-file v0.5.0 (https://github.com/beyond10x/eventlog?rev=fe8a0a7e6e97afde87b349f0840d6e2ed28df3f8#fe8a0a7e)
   Compiling adler2 v2.0.1
   Compiling either v1.18.0
   Compiling simd-adler32 v0.3.10
   Compiling foldhash v0.1.5
   Compiling hashbrown v0.15.5
   Compiling miniz_oxide v0.9.1
   Compiling ekr-store v0.0.27 (<worktree>/crates/ekr-store)
   Compiling rayon-core v1.13.0
   Compiling ess-transport v0.52.0 (https://github.com/beyond10x/ess?rev=4d6a4ecafc0feb4e11e4bee777b19c7351fa3647#4d6a4eca)
   Compiling schemars v1.2.2
   Compiling crc32fast v1.5.2
   Compiling ekr-integrate v0.0.27 (<worktree>/crates/ekr-integrate)
   Compiling csv-core v0.1.13
   Compiling fixedbitset v0.5.7
   Compiling petgraph v0.8.3
   Compiling csv v1.4.0
   Compiling ekr-kernel v0.0.27 (<worktree>/crates/ekr-kernel)
   Compiling flate2 v1.1.10
   Compiling serde_with v3.22.0
   Compiling ess-gen v0.52.0 (https://github.com/beyond10x/ess?rev=4d6a4ecafc0feb4e11e4bee777b19c7351fa3647#4d6a4eca)
   Compiling rayon v1.12.0
   Compiling itertools v0.14.0
   Compiling ordered-float v5.4.0
   Compiling quick-xml v0.37.5
   Compiling rustc-hash v2.1.3
   Compiling process_mining v0.6.2
   Compiling ess-conformance v0.52.0 (https://github.com/beyond10x/ess?rev=4d6a4ecafc0feb4e11e4bee777b19c7351fa3647#4d6a4eca)
   Compiling ekr-views v0.0.27 (<worktree>/crates/ekr-views)
    Finished `test` profile [unoptimized] target(s) in 2m 55s
     Running tests/conformance.rs (<build>/target/debug/deps/conformance-5331a7cfa61234e8)

running 4 tests
test the_provenance_and_the_baseline_name_every_authored_scenario_file ... ok
test the_committed_suite_is_the_complete_views_inventory ... ok
sqlite provider: selected 78 total 78 passed 71 failed 1 error 6 unsupported 0 skipped 0 execution Failed conformance Failed report <build>/target/ekr-views-conformance/sqlite/report.json
  passed ekr.views.ChangesSince/outcome/limit-exceeded
  passed ekr.views.ChangesSince/outcome/listed
  passed ekr.views.ChangesSince/outcome/not-found
  passed ekr.views.ChangesSince/outcome/not-seeded
  passed ekr.views.ChangesSince/outcome/since-malformed
  passed ekr.views.DescribeNode/outcome/described
  passed ekr.views.DescribeNode/outcome/node-not-found
  passed ekr.views.DescribeNode/outcome/not-found
  passed ekr.views.DescribeNode/outcome/not-seeded
  passed ekr.views.DrawFactSample/outcome/drawn
  passed ekr.views.DrawFactSample/outcome/limit-exceeded
  passed ekr.views.DrawFactSample/outcome/not-found
  passed ekr.views.DrawFactSample/outcome/not-seeded
  passed ekr.views.ExpandNeighbourhood/outcome/expanded
  passed ekr.views.ExpandNeighbourhood/outcome/limit-exceeded
  passed ekr.views.ExpandNeighbourhood/outcome/node-not-found
  passed ekr.views.ExpandNeighbourhood/outcome/not-found
  passed ekr.views.ExpandNeighbourhood/outcome/not-seeded
  passed ekr.views.ExportOcel/outcome/event-time-invalid
  passed ekr.views.ExportOcel/outcome/event-type-not-found
  passed ekr.views.ExportOcel/outcome/exported
  passed ekr.views.ExportOcel/outcome/not-found
  passed ekr.views.ExportOcel/outcome/not-seeded
  passed ekr.views.FindCodeNames/outcome/found
  passed ekr.views.FindCodeNames/outcome/not-found
  passed ekr.views.FindCodeNames/outcome/not-seeded
  passed ekr.views.ProjectGraph/outcome/not-found
  passed ekr.views.ProjectGraph/outcome/not-seeded
  passed ekr.views.ProjectGraph/outcome/projected
  passed ekr.views.ProjectOverview/outcome/limit-exceeded
  passed ekr.views.ProjectOverview/outcome/not-found
  passed ekr.views.ProjectOverview/outcome/not-seeded
  passed ekr.views.ProjectOverview/outcome/overviewed
  passed ekr.views.ProjectTimeline/outcome/limit-exceeded
  passed ekr.views.ProjectTimeline/outcome/not-found
  passed ekr.views.ProjectTimeline/outcome/not-seeded
  passed ekr.views.ProjectTimeline/outcome/timelined
  passed ekr.views.ReportFactQuality/outcome/judged-twice
  passed ekr.views.ReportFactQuality/outcome/limit-exceeded
  passed ekr.views.ReportFactQuality/outcome/reported
  passed ekr.views.ReportStoreQuality/outcome/not-found
  passed ekr.views.ReportStoreQuality/outcome/not-seeded
  passed ekr.views.ReportStoreQuality/outcome/reported
  passed ekr.views.SearchNodes/outcome/limit-exceeded
  passed ekr.views.SearchNodes/outcome/not-found
  passed ekr.views.SearchNodes/outcome/not-seeded
  passed ekr.views.SearchNodes/outcome/searched
  passed ekr.views/authored/a-cursor-pages-a-neighbourhood-to-its-end
  passed ekr.views/authored/a-cursor-pages-the-changes-to-their-end
  passed ekr.views/authored/a-fact-quality-report-is-the-wilson-interval-of-the-judged-sample
  passed ekr.views/authored/a-fact-sample-is-the-same-draw-for-the-same-seed-size-and-revision
  passed ekr.views/authored/a-lineage-lists-widened-ends-and-modified-properties
  error ekr.views/authored/a-node-is-not-found-at-a-revision-before-it-existed
  passed ekr.views/authored/a-property-a-subtype-redeclares-is-projected-for-each-type
  passed ekr.views/authored/a-quality-report-counts-evidence-constraints-and-shared-names
  passed ekr.views/authored/a-retracted-assertion-is-projected-with-its-lifecycle
  error ekr.views/authored/a-revision-beyond-the-head-is-refused
  passed ekr.views/authored/a-revision-since-lists-the-changes-after-it
  passed ekr.views/authored/a-schema-evolution-projects-each-version-from-its-revision
  passed ekr.views/authored/a-search-lists-at-most-its-limit-of-matches
  passed ekr.views/authored/a-search-with-no-match-answers-an-empty-list
  passed ekr.views/authored/a-seed-only-store-projects-revision-zero
  passed ekr.views/authored/a-timeline-refuses-each-input-outside-its-bound
  passed ekr.views/authored/a-timeline-row-is-a-subject-with-its-events-within-hops
  passed ekr.views/authored/a-transaction-time-since-lists-the-revisions-committed-after-it
  passed ekr.views/authored/a-valid-time-since-lists-the-assertion-changes-valid-after-it
  passed ekr.views/authored/an-add-evidence-is-listed-once-as-evidence-added
  passed ekr.views/authored/an-assertion-about-an-edge-is-carried-by-that-edge
  passed ekr.views/authored/an-expansion-refuses-each-input-outside-its-bound
  error ekr.views/authored/an-ocel-export-takes-events-from-valid-time-and-objects-from-the-rest
  passed ekr.views/authored/an-overview-lists-at-most-its-limit-of-top-nodes
  failed ekr.views/authored/an-unknown-seed-is-refused-by-name
  error ekr.views/authored/changes-refuse-a-malformed-since-and-each-bound
  error ekr.views/authored/code-names-reports-each-planted-name-and-no-id-or-vocabulary
  error ekr.views/authored/named-event-time-resolves-inherited-properties-at-the-requested-revision
  passed ekr.views/authored/seeded-evidence-is-projected-as-retained
  passed ekr.views/authored/the-edge-limit-cuts-a-page-between-a-node-and-its-edges
  passed ekr.views/authored/the-overview-derives-roles-and-timeline-from-valid-time

thread 'the_sqlite_provider_passes_every_admitted_views_scenario' (1279054) panicked at crates/ekr-views/tests/support/suite.rs:407:5:
the run passed 71 scenarios, below the baseline's floor of 78:
ekr.views/authored/a-node-is-not-found-at-a-revision-before-it-existed [error]
    ESS-CF-TARGET

scenario:
  ekr.views/authored/a-node-is-not-found-at-a-revision-before-it-existed

rule:
  the target can carry out what a scenario asks of it

expected:
  the target can carry out invoking `ekr.views.ExpandNeighbourhood`

observed:
  establishing an external outcome failed: the store `growth` is already built in this scenario
ekr.views/authored/a-revision-beyond-the-head-is-refused [error]
    ESS-CF-TARGET

scenario:
  ekr.views/authored/a-revision-beyond-the-head-is-refused

rule:
  the target can carry out what a scenario asks of it

expected:
  the target can carry out invoking `ekr.views.ProjectGraph`

observed:
  establishing an external outcome failed: the store `seed-only` is already built in this scenario
ekr.views/authored/an-ocel-export-takes-events-from-valid-time-and-objects-from-the-rest [error]
    ESS-CF-TARGET

scenario:
  ekr.views/authored/an-ocel-export-takes-events-from-valid-time-and-objects-from-the-rest

rule:
  the target can carry out what a scenario asks of it

expected:
  the target can carry out invoking `ekr.views.ExportOcel`

observed:
  establishing an external outcome failed: the store `ocel` is already built in this scenario
ekr.views/authored/an-unknown-seed-is-refused-by-name [failed]
    ESS-CF-ERROR

scenario:
  ekr.views/authored/an-unknown-seed-is-refused-by-name

rule:
  a refusing branch carries the error it declares, with the fields it declares

source:
  error ekr.views.NodeNotFound

input:
  ekr.views.ExpandNeighbourhood(after = null, at = null, depth = 1.0, edge_limit = null, limit = 10.0, seeds = ["00000000-0000-4000-8000-000000100000","00000000-0000-4000-8000-0000001fffff"], store = "hub")

expected:
  error = ekr.views.NodeNotFound
  error.node = "00000000-0000-4000-8000-0000001fffff"
  error.revision = 0.0

observed:
  error.node = "00000000-0000-4000-8000-000000100000"
    ESS-CF-TARGET

scenario:
  ekr.views/authored/an-unknown-seed-is-refused-by-name

rule:
  the target can carry out what a scenario asks of it

expected:
  the target can carry out invoking `ekr.views.ExpandNeighbourhood`

observed:
  establishing an external outcome failed: the store `hub` is already built in this scenario
ekr.views/authored/changes-refuse-a-malformed-since-and-each-bound [error]
    ESS-CF-TARGET

scenario:
  ekr.views/authored/changes-refuse-a-malformed-since-and-each-bound

rule:
  the target can carry out what a scenario asks of it

expected:
  the target can carry out invoking `ekr.views.ChangesSince`

observed:
  establishing an external outcome failed: the store `changes` is already built in this scenario
ekr.views/authored/code-names-reports-each-planted-name-and-no-id-or-vocabulary [error]
    ESS-CF-TARGET

scenario:
  ekr.views/authored/code-names-reports-each-planted-name-and-no-id-or-vocabulary

rule:
  the target can carry out what a scenario asks of it

expected:
  the target can carry out invoking `ekr.views.FindCodeNames`

observed:
  establishing an external outcome failed: the store `edge-assertion` is already built in this scenario
ekr.views/authored/named-event-time-resolves-inherited-properties-at-the-requested-revision [error]
    ESS-CF-TARGET

scenario:
  ekr.views/authored/named-event-time-resolves-inherited-properties-at-the-requested-revision

rule:
  the target can carry out what a scenario asks of it

expected:
  the target can carry out invoking `ekr.views.ExportOcel`

observed:
  establishing an external outcome failed: the store `ocel-named-time` is already built in this scenario
note: run with `RUST_BACKTRACE=1` environment variable to display a backtrace
test the_sqlite_provider_passes_every_admitted_views_scenario ... FAILED
file provider: selected 78 total 78 passed 71 failed 1 error 6 unsupported 0 skipped 0 execution Failed conformance Failed report <build>/target/ekr-views-conformance/file/report.json
  passed ekr.views.ChangesSince/outcome/limit-exceeded
  passed ekr.views.ChangesSince/outcome/listed
  passed ekr.views.ChangesSince/outcome/not-found
  passed ekr.views.ChangesSince/outcome/not-seeded
  passed ekr.views.ChangesSince/outcome/since-malformed
  passed ekr.views.DescribeNode/outcome/described
  passed ekr.views.DescribeNode/outcome/node-not-found
  passed ekr.views.DescribeNode/outcome/not-found
  passed ekr.views.DescribeNode/outcome/not-seeded
  passed ekr.views.DrawFactSample/outcome/drawn
  passed ekr.views.DrawFactSample/outcome/limit-exceeded
  passed ekr.views.DrawFactSample/outcome/not-found
  passed ekr.views.DrawFactSample/outcome/not-seeded
  passed ekr.views.ExpandNeighbourhood/outcome/expanded
  passed ekr.views.ExpandNeighbourhood/outcome/limit-exceeded
  passed ekr.views.ExpandNeighbourhood/outcome/node-not-found
  passed ekr.views.ExpandNeighbourhood/outcome/not-found
  passed ekr.views.ExpandNeighbourhood/outcome/not-seeded
  passed ekr.views.ExportOcel/outcome/event-time-invalid
  passed ekr.views.ExportOcel/outcome/event-type-not-found
  passed ekr.views.ExportOcel/outcome/exported
  passed ekr.views.ExportOcel/outcome/not-found
  passed ekr.views.ExportOcel/outcome/not-seeded
  passed ekr.views.FindCodeNames/outcome/found
  passed ekr.views.FindCodeNames/outcome/not-found
  passed ekr.views.FindCodeNames/outcome/not-seeded
  passed ekr.views.ProjectGraph/outcome/not-found
  passed ekr.views.ProjectGraph/outcome/not-seeded
  passed ekr.views.ProjectGraph/outcome/projected
  passed ekr.views.ProjectOverview/outcome/limit-exceeded
  passed ekr.views.ProjectOverview/outcome/not-found
  passed ekr.views.ProjectOverview/outcome/not-seeded
  passed ekr.views.ProjectOverview/outcome/overviewed
  passed ekr.views.ProjectTimeline/outcome/limit-exceeded
  passed ekr.views.ProjectTimeline/outcome/not-found
  passed ekr.views.ProjectTimeline/outcome/not-seeded
  passed ekr.views.ProjectTimeline/outcome/timelined
  passed ekr.views.ReportFactQuality/outcome/judged-twice
  passed ekr.views.ReportFactQuality/outcome/limit-exceeded
  passed ekr.views.ReportFactQuality/outcome/reported
  passed ekr.views.ReportStoreQuality/outcome/not-found
  passed ekr.views.ReportStoreQuality/outcome/not-seeded
  passed ekr.views.ReportStoreQuality/outcome/reported
  passed ekr.views.SearchNodes/outcome/limit-exceeded
  passed ekr.views.SearchNodes/outcome/not-found
  passed ekr.views.SearchNodes/outcome/not-seeded
  passed ekr.views.SearchNodes/outcome/searched
  passed ekr.views/authored/a-cursor-pages-a-neighbourhood-to-its-end
  passed ekr.views/authored/a-cursor-pages-the-changes-to-their-end
  passed ekr.views/authored/a-fact-quality-report-is-the-wilson-interval-of-the-judged-sample
  passed ekr.views/authored/a-fact-sample-is-the-same-draw-for-the-same-seed-size-and-revision
  passed ekr.views/authored/a-lineage-lists-widened-ends-and-modified-properties
  error ekr.views/authored/a-node-is-not-found-at-a-revision-before-it-existed
  passed ekr.views/authored/a-property-a-subtype-redeclares-is-projected-for-each-type
  passed ekr.views/authored/a-quality-report-counts-evidence-constraints-and-shared-names
  passed ekr.views/authored/a-retracted-assertion-is-projected-with-its-lifecycle
  error ekr.views/authored/a-revision-beyond-the-head-is-refused
  passed ekr.views/authored/a-revision-since-lists-the-changes-after-it
  passed ekr.views/authored/a-schema-evolution-projects-each-version-from-its-revision
  passed ekr.views/authored/a-search-lists-at-most-its-limit-of-matches
  passed ekr.views/authored/a-search-with-no-match-answers-an-empty-list
  passed ekr.views/authored/a-seed-only-store-projects-revision-zero
  passed ekr.views/authored/a-timeline-refuses-each-input-outside-its-bound
  passed ekr.views/authored/a-timeline-row-is-a-subject-with-its-events-within-hops
  passed ekr.views/authored/a-transaction-time-since-lists-the-revisions-committed-after-it
  passed ekr.views/authored/a-valid-time-since-lists-the-assertion-changes-valid-after-it
  passed ekr.views/authored/an-add-evidence-is-listed-once-as-evidence-added
  passed ekr.views/authored/an-assertion-about-an-edge-is-carried-by-that-edge
  passed ekr.views/authored/an-expansion-refuses-each-input-outside-its-bound
  error ekr.views/authored/an-ocel-export-takes-events-from-valid-time-and-objects-from-the-rest
  passed ekr.views/authored/an-overview-lists-at-most-its-limit-of-top-nodes
  failed ekr.views/authored/an-unknown-seed-is-refused-by-name
  error ekr.views/authored/changes-refuse-a-malformed-since-and-each-bound
  error ekr.views/authored/code-names-reports-each-planted-name-and-no-id-or-vocabulary
  error ekr.views/authored/named-event-time-resolves-inherited-properties-at-the-requested-revision
  passed ekr.views/authored/seeded-evidence-is-projected-as-retained
  passed ekr.views/authored/the-edge-limit-cuts-a-page-between-a-node-and-its-edges
  passed ekr.views/authored/the-overview-derives-roles-and-timeline-from-valid-time

thread 'the_file_provider_passes_every_admitted_views_scenario' (1279052) panicked at crates/ekr-views/tests/support/suite.rs:407:5:
the run passed 71 scenarios, below the baseline's floor of 78:
ekr.views/authored/a-node-is-not-found-at-a-revision-before-it-existed [error]
    ESS-CF-TARGET

scenario:
  ekr.views/authored/a-node-is-not-found-at-a-revision-before-it-existed

rule:
  the target can carry out what a scenario asks of it

expected:
  the target can carry out invoking `ekr.views.ExpandNeighbourhood`

observed:
  establishing an external outcome failed: the store `growth` is already built in this scenario
ekr.views/authored/a-revision-beyond-the-head-is-refused [error]
    ESS-CF-TARGET

scenario:
  ekr.views/authored/a-revision-beyond-the-head-is-refused

rule:
  the target can carry out what a scenario asks of it

expected:
  the target can carry out invoking `ekr.views.ProjectGraph`

observed:
  establishing an external outcome failed: the store `seed-only` is already built in this scenario
ekr.views/authored/an-ocel-export-takes-events-from-valid-time-and-objects-from-the-rest [error]
    ESS-CF-TARGET

scenario:
  ekr.views/authored/an-ocel-export-takes-events-from-valid-time-and-objects-from-the-rest

rule:
  the target can carry out what a scenario asks of it

expected:
  the target can carry out invoking `ekr.views.ExportOcel`

observed:
  establishing an external outcome failed: the store `ocel` is already built in this scenario
ekr.views/authored/an-unknown-seed-is-refused-by-name [failed]
    ESS-CF-ERROR

scenario:
  ekr.views/authored/an-unknown-seed-is-refused-by-name

rule:
  a refusing branch carries the error it declares, with the fields it declares

source:
  error ekr.views.NodeNotFound

input:
  ekr.views.ExpandNeighbourhood(after = null, at = null, depth = 1.0, edge_limit = null, limit = 10.0, seeds = ["00000000-0000-4000-8000-000000100000","00000000-0000-4000-8000-0000001fffff"], store = "hub")

expected:
  error = ekr.views.NodeNotFound
  error.node = "00000000-0000-4000-8000-0000001fffff"
  error.revision = 0.0

observed:
  error.node = "00000000-0000-4000-8000-000000100000"
    ESS-CF-TARGET

scenario:
  ekr.views/authored/an-unknown-seed-is-refused-by-name

rule:
  the target can carry out what a scenario asks of it

expected:
  the target can carry out invoking `ekr.views.ExpandNeighbourhood`

observed:
  establishing an external outcome failed: the store `hub` is already built in this scenario
ekr.views/authored/changes-refuse-a-malformed-since-and-each-bound [error]
    ESS-CF-TARGET

scenario:
  ekr.views/authored/changes-refuse-a-malformed-since-and-each-bound

rule:
  the target can carry out what a scenario asks of it

expected:
  the target can carry out invoking `ekr.views.ChangesSince`

observed:
  establishing an external outcome failed: the store `changes` is already built in this scenario
ekr.views/authored/code-names-reports-each-planted-name-and-no-id-or-vocabulary [error]
    ESS-CF-TARGET

scenario:
  ekr.views/authored/code-names-reports-each-planted-name-and-no-id-or-vocabulary

rule:
  the target can carry out what a scenario asks of it

expected:
  the target can carry out invoking `ekr.views.FindCodeNames`

observed:
  establishing an external outcome failed: the store `edge-assertion` is already built in this scenario
ekr.views/authored/named-event-time-resolves-inherited-properties-at-the-requested-revision [error]
    ESS-CF-TARGET

scenario:
  ekr.views/authored/named-event-time-resolves-inherited-properties-at-the-requested-revision

rule:
  the target can carry out what a scenario asks of it

expected:
  the target can carry out invoking `ekr.views.ExportOcel`

observed:
  establishing an external outcome failed: the store `ocel-named-time` is already built in this scenario
test the_file_provider_passes_every_admitted_views_scenario ... FAILED

failures:

failures:
    the_file_provider_passes_every_admitted_views_scenario
    the_sqlite_provider_passes_every_admitted_views_scenario

test result: FAILED. 2 passed; 2 failed; 0 ignored; 0 measured; 0 filtered out; finished in 6.30s

error: test failed, to rerun pass `-p ekr-views --test conformance`
