   Compiling ekr-kernel v0.0.27 (<worktrees>/epistemic-knowledge-runtime/ekr-schema-proposals-20261003/crates/ekr-kernel)
    Finished `test` profile [unoptimized] target(s) in 10.18s
     Running tests/authority_upgrade.rs (<build-lane>/target/debug/deps/authority_upgrade-ed98ec8049a9f7be)

running 7 tests
test full_replay_rejects_changed_transition_records_and_missing_review_objects ... ok
test a_lost_upgrade_race_allows_a_new_review_without_reusing_the_old_preparation ... ok
test reviewed_correction_derivation_is_exact_and_preserves_the_original_claims ... ok
test upgrade_port_fault_resumes_exactly_in_a_fresh_process ... ok
test runtime_facade_upgrades_and_reopens_with_independently_provisioned_trust ... ok
test upgrade_survives_process_kill_at_native_publication_boundaries ... ok
test upgrade_preserves_historical_rules_hashes_and_requires_revalidation ... ok

test result: ok. 7 passed; 0 failed; 0 ignored; 0 measured; 0 filtered out; finished in 0.26s

     Running tests/knowledge_retention.rs (<build-lane>/target/debug/deps/knowledge_retention-890fb8e08289f3c2)

running 14 tests
test inconsistent_observation_is_refused_without_retaining_anything ... ok
test retained_sources_pin_exact_bytes_on_both_providers ... ok
test generated_observation_commands_preserve_provider_faults ... ok
test rejected_interpretation_retains_its_sources ... ok
test observation_retry_is_idempotent ... ok
test concurrent_imports_choose_one_immutable_record ... ok
test invalid_local_shape_and_evidence_are_refused_before_any_publication ... ok
test unmapped_knowledge_survives_reopen ... ok
test schema_proposal_submission_retains_exact_bytes_without_admitting_facts ... ok
test schema_gap_discovery_rechecks_the_current_schema_and_preserves_import_history ... ok
test schema_proposal_refuses_unreviewable_sources_selectors_and_constants_before_retention ... ok
test schema_gap_discovery_is_stable_after_replay_and_does_not_mutate_canonical_state ... ok
test schema_proposal_schema_dependencies_change_review_material_but_unrelated_schema_does_not ... ok
test schema_proposal_remains_inspectable_after_a_mapped_property_changes_kind ... ok

test result: ok. 14 passed; 0 failed; 0 ignored; 0 measured; 0 filtered out; finished in 0.16s

