    Checking ekr-store v0.0.27 (<worktree>/crates/ekr-store)
    Finished `dev` profile [unoptimized] target(s) in 2.27s
   Compiling ekr-core v0.0.27 (<worktree>/crates/ekr-core)
   Compiling ekr-ontology v0.0.27 (<worktree>/crates/ekr-ontology)
   Compiling ekr-sdk v0.0.27 (<worktree>/crates/ekr-sdk)
   Compiling ekr-graph v0.0.27 (<worktree>/crates/ekr-graph)
   Compiling ekr-integrate v0.0.27 (<worktree>/crates/ekr-integrate)
   Compiling ekr-store v0.0.27 (<worktree>/crates/ekr-store)
   Compiling ekr-kernel v0.0.27 (<worktree>/crates/ekr-kernel)
   Compiling ekr-views v0.0.27 (<worktree>/crates/ekr-views)
   Compiling ekr v0.0.27 (<worktree>/crates/ekr)
    Finished `test` profile [unoptimized] target(s) in 34.38s
     Running tests/docs_cli.rs (target/debug/deps/docs_cli-709c6ebc46c753dc)

running 18 tests
test the_structural_codes_are_partitioned_into_schema_shape_and_the_rest ... ok
test readme_and_agents_point_at_the_page_without_duplicating_each_other ... ok
test readme_says_the_schema_evolves_under_profile_v2 ... ok
test the_value_kind_table_names_every_value_kind_and_the_worked_schema_declares_each ... ok
test the_configuration_table_equals_the_global_options_and_names_their_variables ... ok
test the_verb_table_equals_the_verbs_ekr_help_lists ... ok
test every_document_block_is_tagged_and_parses_with_its_real_reader ... ok
test the_operation_kind_table_and_its_applied_split_match_ekr_operations ... ok
test every_code_a_validator_raises_is_a_row_or_measured_unreachable ... ok
test every_refusal_the_page_names_is_a_whole_name_the_runtime_emits ... ok
test no_text_a_reader_meets_says_only_the_p1_profile_is_accepted ... ok
test the_readme_first_run_runs_as_written_on_both_providers ... ok
test the_public_site_first_run_runs_as_written_on_both_providers ... ok
test the_unsupported_constraint_fix_names_modify_property_under_profile_v2 ... ok
test every_refusal_outside_validation_exits_and_reads_as_the_page_says ... ok
test the_worked_example_seeds_commits_and_reads_back_on_both_providers ... ok
test the_schema_evolution_example_commits_and_reads_each_version_back_on_both_providers ... ok
test every_code_a_schema_change_is_refused_with_is_listed_or_unreachable ... ok

test result: ok. 18 passed; 0 failed; 0 ignored; 0 measured; 0 filtered out; finished in 1.02s

     Running tests/knowledge_cli.rs (target/debug/deps/knowledge_cli-51a4a66a3ae8729d)

running 2 tests
test observe_is_a_nested_command_and_schema_keeps_its_existing_surface ... ok
test typed_observation_import_retries_and_reads_through_a_real_session ... ok

test result: ok. 2 passed; 0 failed; 0 ignored; 0 measured; 0 filtered out; finished in 0.19s

     Running tests/public_surface.rs (target/debug/deps/public_surface-301781bced1bbaa5)

running 12 tests
test actual_type_positions_count_and_partial_or_declaration_names_do_not ... ok
test adversary_generic_trait_implementation_is_an_actual_type_use ... ok
test adversary_opaque_literals_keep_comment_and_identifier_boundaries ... ok
test adversary_tuple_and_array_elements_are_actual_type_uses ... ok
test exported_type_declarations_are_not_invisible ... ok
test declarations_ignore_comments_literals_and_support_multiline_visibility ... ok
test rust_source::tests::chars_escapes_and_lifetimes_keep_distinct_boundaries ... ok
test rereview_generic_impl_recognition_balances_nested_types_without_comparison_mentions ... ok
test rust_source::tests::comments_and_all_string_forms_are_not_code_identifiers ... ok
test rust_source::tests::identifiers_do_not_join_across_comments_or_split_at_unicode ... ok
test strings_and_comments_do_not_exercise_public_functions ... ok
test no_public_item_in_any_crate_is_untested ... ok

test result: ok. 12 passed; 0 failed; 0 ignored; 0 measured; 0 filtered out; finished in 7.90s

     Running tests/story_contract.rs (target/debug/deps/story_contract-331dbcb643e18826)

running 14 tests
test every_crate_opts_into_workspace_lints ... ok
test crate_dependency_edges_match_the_story ... ok
test external_dependencies_match_the_story ... ok
test the_expectation_tables_cover_every_crate ... ok
test the_commit_authority_matcher_reads_a_head_by_shape_and_not_by_spelling ... ok
test the_eventlog_scan_refuses_every_path_and_nothing_else ... ok
test the_sdk_links_no_kernel_store_or_graph ... ok
test the_six_crates_are_workspace_members ... ok
test workspace_dependencies_carry_the_story_qualifiers ... ok
test no_manifest_carries_a_comment ... ok
test seed_admission_is_kernel_owned_and_the_commit_api_lends_no_writer ... ok
test ekr_names_no_eventlog_item ... ok
test no_rust_source_reads_the_planning_store ... ok
test only_the_kernel_implements_the_commit_authority ... ok

test result: ok. 14 passed; 0 failed; 0 ignored; 0 measured; 0 filtered out; finished in 0.09s

