   Compiling ekr-kernel v0.0.27 (<unit>/crates/ekr-kernel)
    Finished `test` profile [unoptimized] target(s) in 11.16s
     Running tests/authority_upgrade.rs (<build>/target/debug/deps/authority_upgrade-ed98ec8049a9f7be)

running 7 tests
test full_replay_rejects_changed_transition_records_and_missing_review_objects ... ok
test a_lost_upgrade_race_allows_a_new_review_without_reusing_the_old_preparation ... ok
test reviewed_correction_derivation_is_exact_and_preserves_the_original_claims ... ok
test upgrade_port_fault_resumes_exactly_in_a_fresh_process ... ok
test runtime_facade_upgrades_and_reopens_with_independently_provisioned_trust ... ok
test upgrade_survives_process_kill_at_native_publication_boundaries ... ok
test upgrade_preserves_historical_rules_hashes_and_requires_revalidation ... ok

test result: ok. 7 passed; 0 failed; 0 ignored; 0 measured; 0 filtered out; finished in 0.24s

     Running tests/explain.rs (<build>/target/debug/deps/explain-a8602e120ca39d9b)

running 11 tests
test an_unknown_assertion_is_refused_with_its_identity ... ok
test a_seeded_assertion_explains_through_the_retained_seed_to_its_evidence ... ok
test a_committed_assertion_explains_through_its_proposal_validation_and_commit ... ok
test a_supersession_follows_the_replacement_and_its_distinct_evidence ... ok
test a_captured_read_explained_after_another_commit_does_not_show_the_later_change ... ok
test a_replacement_accepted_before_the_supersession_is_explained_from_its_own_acceptance ... ok
test every_selected_assertion_is_visited_once_in_stable_order ... ok
test a_retraction_keeps_the_original_acceptance_and_adds_the_lifecycle_change ... ok
test a_snapshot_carries_the_complete_graph_and_root_and_the_shared_valid_time_selection ... ok
test every_capture_field_a_projection_reads_is_bound_to_the_retained_root_and_seed ... ok
test missing_or_corrupt_required_support_refuses_the_whole_chain ... ok

test result: ok. 11 passed; 0 failed; 0 ignored; 0 measured; 0 filtered out; finished in 0.20s

     Running tests/replay_checkpoint.rs (<build>/target/debug/deps/replay_checkpoint-f0968e285cb2543c)

running 15 tests
test retained_records_and_preparations_hold_each_payload_once_as_base64 ... ok
test a_handle_at_rest_writes_the_checkpoint_of_a_head_past_the_retained_one ... ok
test a_handle_that_restored_no_checkpoint_writes_one_at_its_next_commit ... ok
test a_checkpoint_the_store_did_not_write_is_written_at_the_next_commit ... ok
test a_commit_receipt_names_the_identities_its_transaction_created ... ok
test a_verb_that_moves_no_head_appends_no_pointer ... ok
test head_answers_from_the_pointer_alone_after_a_commit_and_replays_after_a_proposal ... ok
test validating_against_a_revision_the_checkpoint_holds_no_graph_of_replays_in_full ... ok
test one_runtime_serving_every_command_writes_checkpoints_at_the_same_revisions ... ok
test a_commit_after_a_checkpoint_with_another_graph_root_replays_in_full ... ok
test a_checkpoint_that_does_not_verify_is_ignored_and_the_history_replays_in_full ... ok
test a_v3_checkpoint_that_does_not_verify_is_ignored_and_the_history_replays_in_full ... ok
test a_fresh_open_continues_from_the_checkpoint_with_the_answers_of_a_full_replay ... ok
test commits_of_many_small_operations_write_a_checkpoint_only_at_the_commit_bound ... ok
test a_commit_that_reaches_the_byte_bound_writes_a_checkpoint has been running for over 60 seconds
test a_commit_that_reaches_the_byte_bound_writes_a_checkpoint ... ok

test result: ok. 15 passed; 0 failed; 0 ignored; 0 measured; 0 filtered out; finished in 65.01s

     Running tests/schema_evidence.rs (<build>/target/debug/deps/schema_evidence-513e65a9c974d27a)

running 3 tests
test schema_support_survives_sqlite_reopen_and_full_replay ... ok
test schema_support_survives_file_reopen_and_full_replay ... ok
test native_knowledge_one_upgrades_without_rewriting_its_rejection_or_roots ... ok

test result: ok. 3 passed; 0 failed; 0 ignored; 0 measured; 0 filtered out; finished in 0.28s

     Running tests/verified_read.rs (<build>/target/debug/deps/verified_read-1c708ea1c1a1a964)

running 8 tests
test recorded_validation_issues_are_the_pipeline_findings_under_retained_identities ... ok
test the_alias_index_is_built_once_per_head_and_indexes_the_captured_graph ... ok
test validation_material_addresses_exactly_the_transaction_basis_and_validators ... ok
test read_verbs_copy_no_transaction_record_and_no_graph ... ok
test a_historical_read_reports_each_record_as_it_stood_at_that_boundary ... ok
test a_verified_read_carries_every_committed_record_on_both_providers ... ok
test adversary_selected_states_follow_peer_decisions_without_mutating_held_snapshots ... ok
test a_live_handle_keeps_the_alias_index_of_its_current_head_only ... ok

test result: ok. 8 passed; 0 failed; 0 ignored; 0 measured; 0 filtered out; finished in 0.26s

