   Compiling ring v0.17.14
   Compiling ekr-core v0.0.27 (<unit>/crates/ekr-core)
   Compiling ekr-ontology v0.0.27 (<unit>/crates/ekr-ontology)
   Compiling ekr-graph v0.0.27 (<unit>/crates/ekr-graph)
   Compiling ekr-store v0.0.27 (<unit>/crates/ekr-store)
   Compiling ekr-integrate v0.0.27 (<unit>/crates/ekr-integrate)
   Compiling ekr-kernel v0.0.27 (<unit>/crates/ekr-kernel)
   Compiling ekr-views v0.0.27 (<unit>/crates/ekr-views)
   Compiling ekr-sdk v0.0.27 (<unit>/crates/ekr-sdk)
   Compiling ekr v0.0.27 (<unit>/crates/ekr)
    Finished `test` profile [unoptimized] target(s) in 57.29s
     Running unittests src/lib.rs (<build>/target/debug/deps/ekr_sdk-9ddaf565753f4ef3)

running 6 tests
test reply::tests::a_refusal_is_one_word_after_the_prefix ... ok
test batch::tests::a_schema_change_never_shares_a_batch_with_data_and_empty_groups_are_skipped ... ok
test reply::tests::every_status_but_zero_and_two_is_a_fault ... ok
test batch::tests::the_evidence_a_group_introduces_counts_toward_the_caps ... ok
test batch::tests::the_kernel_caps_pack_10_000_operations_and_no_more_into_one_batch ... ok
test batch::tests::the_kernel_caps_hold_every_batch_under_8_mib ... ok

test result: ok. 6 passed; 0 failed; 0 ignored; 0 measured; 0 filtered out; finished in 1.10s

     Running tests/adversary_check_reads.rs (<build>/target/debug/deps/adversary_check_reads-1467584e92dab9d4)

running 9 tests
test each_call_sends_exactly_the_argv_its_verb_documents ... ok
   Compiling ring v0.17.14
   Compiling ekr-core v0.0.27 (<unit>/crates/ekr-core)
   Compiling ekr-ontology v0.0.27 (<unit>/crates/ekr-ontology)
   Compiling ekr-graph v0.0.27 (<unit>/crates/ekr-graph)
   Compiling ekr-store v0.0.27 (<unit>/crates/ekr-store)
   Compiling ekr-integrate v0.0.27 (<unit>/crates/ekr-integrate)
   Compiling ekr-kernel v0.0.27 (<unit>/crates/ekr-kernel)
   Compiling ekr-views v0.0.27 (<unit>/crates/ekr-views)
   Compiling ekr-sdk v0.0.27 (<unit>/crates/ekr-sdk)
   Compiling ekr v0.0.27 (<unit>/crates/ekr)
    Finished `dev` profile [unoptimized] target(s) in 2.83s
test a_code_name_kind_a_newer_ekr_adds_does_not_break_the_read ... ok
test an_empty_file_list_is_a_usage_error_through_a_session_and_one_shot ... ok
test a_store_that_does_not_exist_is_a_fault_through_a_session_and_one_shot ... ok
test a_store_declaring_no_property_reads_without_constrained_share ... ok
test each_typed_value_written_back_is_the_clis_bytes ... ok
test a_directory_or_a_missing_file_is_a_fault_naming_it_through_a_session_and_one_shot ... ok
test revision_u64_max_is_refused_or_selected_not_a_fault ... ok
test spaced_unicode_and_repeated_paths_read_as_the_cli_prints_them ... ok

test result: ok. 9 passed; 0 failed; 0 ignored; 0 measured; 0 filtered out; finished in 3.24s

     Running tests/adversary_docs_examples.rs (<build>/target/debug/deps/adversary_docs_examples-2798935a4215db67)

running 8 tests
test every_field_list_the_prose_spells_out_is_the_variant_s ... ok
test every_fence_of_the_section_is_one_the_guard_reads ... ok
test the_fence_check_refuses_a_tilde_block ... ok
test the_field_check_refuses_a_wrong_field_list ... ok
test the_limits_table_names_each_limit_and_bound_the_sdk_holds ... ok
test every_type_a_block_uses_is_imported_by_that_block_or_an_earlier_one ... ok
test the_limits_check_refuses_a_table_with_a_wrong_bound ... ok
test the_import_check_refuses_a_block_that_leans_on_the_guard_s_own_imports ... ok

test result: ok. 8 passed; 0 failed; 0 ignored; 0 measured; 0 filtered out; finished in 0.00s

     Running tests/adversary_document_roundtrip.rs (<build>/target/debug/deps/adversary_document_roundtrip-5fd5347e4567b186)

running 11 tests
test ensure_refuses_a_new_type_whose_ancestor_declares_its_property_differently ... ok
test ensure_treats_ends_the_store_already_widens_as_met ... ok
test ensure_gives_one_spec_one_ontology_whatever_order_it_lists_its_types_in ... ok
test numbers_and_instants_at_their_bounds_are_the_numbers_the_kernel_reads ... ok
test a_local_hash_equals_ekr_hash_for_bytes_that_are_not_text ... ok
test ensure_redeclaring_a_held_property_under_another_value_kind_is_refused_by_the_kernel ... ok
test ontology_read_at_every_schema_version_is_the_map_of_that_version ... ok
test every_awkward_text_the_sdk_writes_is_the_text_the_kernel_reads ... ok
test ids_minted_on_many_threads_at_once_are_distinct_uuid_v7 ... ok
test a_document_the_builder_returns_ok_for_is_one_the_kernel_reads ... ok
test a_seed_the_sdk_writes_is_the_seed_the_kernel_reads_and_every_awkward_alias_resolves ... ok

test result: ok. 11 passed; 0 failed; 0 ignored; 0 measured; 0 filtered out; finished in 4.31s

     Running tests/adversary_evidence.rs (<build>/target/debug/deps/adversary_evidence-2a64cb68c6eff1ca)

running 9 tests
test the_same_bytes_from_another_source_or_time_are_another_entry ... ok
test scripted_a_batch_wide_refusal_marks_no_entry_committed ... ok
test scripted_an_entry_marked_committed_is_not_added_again ... ok
test scripted_an_entry_moved_by_a_rejection_keeps_every_proposal_within_the_operation_cap ... ok
    Finished `dev` profile [unoptimized] target(s) in 0.11s
test an_unknown_outcome_settled_as_documented_adds_each_entry_once ... ok
test a_stale_retry_adds_its_entry_once ... ok
test one_set_across_two_runs_adds_each_entry_once ... ok
test payload_boundaries_commit_or_are_rejected_as_documents ... ok
test rejected_citers_first_middle_last_and_all_never_strand_an_assertion ... ok

test result: ok. 9 passed; 0 failed; 0 ignored; 0 measured; 0 filtered out; finished in 1.95s

     Running tests/adversary_read.rs (<build>/target/debug/deps/adversary_read-817d2910d4f4f0aa)

running 2 tests
    Finished `dev` profile [unoptimized] target(s) in 0.12s
test a_snapshot_and_an_ontology_read_with_a_field_a_newer_ekr_added_anywhere ... ok
test expand_pages_read_the_first_pages_revision_after_a_commit_between_pages ... ok

test result: ok. 2 passed; 0 failed; 0 ignored; 0 measured; 0 filtered out; finished in 0.42s

     Running tests/adversary_read_enums.rs (<build>/target/debug/deps/adversary_read_enums-91437f79464899c7)

running 12 tests
test a_known_kind_with_a_wrong_value_fails_with_its_own_error ... ok
test a_known_unit_value_kind_with_parameters_is_refused_not_read_without_them ... ok
test an_evidence_added_with_an_empty_locator_writes_back_exactly ... ok
test a_wrong_value_deep_inside_a_known_kind_fails_the_whole_value ... ok
test every_other_writes_back_as_documented_and_reads_back_as_other ... ok
test an_unknown_kind_with_a_nested_object_value_reads_as_other_wherever_it_sits ... ok
test the_unit_cases_do_not_see_a_retry_that_keeps_every_success ... ok
test the_path_a_consumer_writes_reads_an_unknown_kind_as_other ... ok
test a_value_nested_sixty_lists_deep_reads_and_refuses_as_a_shallow_one ... ok
    Finished `dev` profile [unoptimized] target(s) in 0.15s
test transaction_state_other_passed_to_transactions_is_a_usage_refusal ... ok
test a_cardinality_a_newer_ekr_adds_does_not_fail_the_ontology_read ... ok
test a_subject_kind_a_newer_ekr_adds_does_not_fail_the_snapshot_read ... ok

test result: ok. 12 passed; 0 failed; 0 ignored; 0 measured; 0 filtered out; finished in 0.23s

     Running tests/adversary_resolve_batch.rs (<build>/target/debug/deps/adversary_resolve_batch-13fdb4ea199ed72b)

running 9 tests
test scripted_stale_is_retried_eight_times_then_stops_with_every_id ... ok
test scripted_every_group_bad_costs_two_n_minus_one_validations ... ok
    Finished `dev` profile [unoptimized] target(s) in 0.11s
test a_queued_node_committed_under_a_lost_reply_is_not_replaced_by_itself ... ok
test one_alias_on_two_types_queues_two_nodes_without_a_flush ... ok
test a_commit_whose_reply_is_lost_is_named_by_the_batch_error ... ok
test an_unrelated_foreign_commit_keeps_queued_nodes_queued_and_commits_them ... ok
test a_flush_that_fails_after_an_alias_race_still_replaces_the_refused_node ... ok
test scripted_a_group_past_a_cap_is_rejected_alone_and_its_neighbours_commit ... ok
test scripted_bisection_partitions_the_groups_and_is_logarithmic_in_one_bad_group ... ok

test result: ok. 9 passed; 0 failed; 0 ignored; 0 measured; 0 filtered out; finished in 2.52s

     Running tests/adversary_session_close.rs (<build>/target/debug/deps/adversary_session_close-144f9f25e30bbf73)

running 9 tests
test a_child_ending_itself_by_a_signal_is_not_reported_as_killed ... ok
test a_long_stderr_is_cut_to_its_last_bytes ... ok
test a_tail_with_invalid_utf8_keeps_the_line_after_it ... ok
test a_tail_cut_inside_a_character_stays_within_the_bound ... ok
test a_cancelled_session_closes_as_cancelled ... ok
test a_failed_session_whose_child_exited_zero_still_closes_as_latched ... ok
test a_child_that_writes_and_exits_at_once_has_its_last_line_in_the_tail ... ok
test a_session_failed_by_a_non_reply_closes_as_latched ... ok
test a_grandchild_holding_stderr_does_not_hold_close ... ok

test result: ok. 9 passed; 0 failed; 0 ignored; 0 measured; 0 filtered out; finished in 1.03s

     Running tests/adversary_session_transport.rs (<build>/target/debug/deps/adversary_session_transport-321a07658b45fa3d)

running 4 tests
    Finished `dev` profile [unoptimized] target(s) in 0.09s
test a_cancel_while_closing_ends_the_child_within_one_second ... ok
test a_one_shot_reply_carries_the_whole_stderr_the_verb_wrote ... ok
test a_seed_over_the_line_cap_leaves_the_create_session_holding_the_store ... ok
test opening_a_binary_that_never_answers_version_returns ... ok

test result: ok. 4 passed; 0 failed; 0 ignored; 0 measured; 0 filtered out; finished in 5.11s

     Running tests/adversary_spawn_busy.rs (<build>/target/debug/deps/adversary_spawn_busy-c357965d767101b1)

running 4 tests
test a_cancel_during_the_busy_wait_of_a_one_shot_ends_the_call_as_cancelled ... ok
test a_one_shot_request_starts_from_a_binary_held_open_for_writing_once_the_writer_closes ... ok
test a_binary_busy_past_the_bound_is_refused_after_the_documented_630_ms_and_not_much_later ... ok
test a_probe_timeout_shorter_than_the_busy_wait_bounds_the_probe ... ok

test result: ok. 4 passed; 0 failed; 0 ignored; 0 measured; 0 filtered out; finished in 1.50s

     Running tests/adversary_x6_p.rs (<build>/target/debug/deps/adversary_x6_p-c681fc837376c907)

running 8 tests
test only_the_final_line_end_is_dropped ... ok
test a_short_answer_that_is_not_utf8_is_not_marked_cut ... ok
test every_char_width_at_every_offset_around_the_cut_is_cut_on_a_boundary ... ok
test a_session_message_contains_an_answer_with_a_quote ... ok
test a_json_line_that_is_not_a_reply_is_kept_as_the_answer ... ok
test a_nul_byte_is_kept_in_the_answer ... ok
test a_session_answer_that_is_only_a_newline_keeps_an_empty_answer ... ok
test crlf_line_ends_are_dropped_only_at_the_end ... ok

test result: ok. 8 passed; 0 failed; 0 ignored; 0 measured; 0 filtered out; finished in 1.04s

     Running tests/adversary_x6_r.rs (<build>/target/debug/deps/adversary_x6_r-239eba93a9e465f2)

running 3 tests
    Finished `dev` profile [unoptimized] target(s) in 0.10s
test a_node_queued_under_two_aliases_drops_a_key_sharing_only_its_second_alias ... ok
test a_node_waiting_in_the_recheck_list_leaves_no_stale_answer_for_its_aliases ... ok
test a_fixed_seed_walk_of_resolves_and_flushes_answers_what_the_store_answers ... ok

test result: ok. 3 passed; 0 failed; 0 ignored; 0 measured; 0 filtered out; finished in 3.64s

     Running tests/batch_bisect.rs (<build>/target/debug/deps/batch_bisect-b23ed8d07d1eeb29)

running 7 tests
test a_proposer_is_validator_rejection_stops_the_batch_after_one_validation ... ok
    Finished `dev` profile [unoptimized] target(s) in 0.09s
test a_wrong_proposer_stops_the_batch_after_one_proposal ... ok
test a_batch_that_stops_reports_what_it_committed ... ok
test an_operation_attribution_refusal_is_bisected_to_its_group ... ok
test a_forced_stale_is_committed_on_retry_under_a_new_id ... ok
test chunks_respect_the_operation_and_byte_caps ... ok
test one_planted_invalid_operation_among_2000_is_the_only_rejection ... ok

test result: ok. 7 passed; 0 failed; 0 ignored; 0 measured; 0 filtered out; finished in 6.92s

     Running tests/check_reads.rs (<build>/target/debug/deps/check_reads-059d348d8b21a31c)

running 4 tests
    Finished `dev` profile [unoptimized] target(s) in 0.23s
test a_field_added_to_a_check_format_is_ignored_on_read_and_fails_the_exact_read ... ok
test typed_word_mode_preserves_comments_identifiers_and_transport_parity ... ok
test every_conformance_fixture_quality_and_code_names_document_reads_exactly ... ok
test each_check_read_is_the_verbs_document_through_a_session_and_one_shot_on_both_providers ... ok

test result: ok. 4 passed; 0 failed; 0 ignored; 0 measured; 0 filtered out; finished in 1.59s

     Running tests/checks.rs (<build>/target/debug/deps/checks-0a02a0abc4bf80c9)

running 12 tests
    Finished `dev` profile [unoptimized] target(s) in 0.16s
test fixed_judge_gets_closed_form_bounds_and_an_error_returns_no_judgement_set ... ok
test adversary_judge_stops_at_the_first_bad_batch_and_preserves_identity_order ... ok
test every_sample_fixture_document_is_typed_without_dropping_fields ... ok
test adversary_named_refusals_leave_the_session_usable_and_empty_draws_are_real ... ok
test adversary_sdk_event_time_treats_a_leading_dash_in_a_type_name_as_data ... ok
test typed_ocel_preserves_document_and_engine_counts_in_both_transports ... ok
test adversary_historical_type_filtered_draw_survives_a_later_retraction ... ok
test sample_and_report_roundtrip_the_verbs_on_both_providers_and_transports ... ok
test adversary_word_mode_handles_overlapping_punctuation_names_and_scalar_columns ... ok
test adversary_named_times_deduplicate_equal_values_and_count_unwritable_instants ... ok
test adversary_reports_preserve_exact_bytes_at_every_confidence_and_empty_bounds ... ok
test adversary_ocel_selectors_preserve_equals_spaces_and_punctuation_as_data ... ok

test result: ok. 12 passed; 0 failed; 0 ignored; 0 measured; 0 filtered out; finished in 1.07s

     Running tests/commit_scaling.rs (<build>/target/debug/deps/commit_scaling-e2e5cf0712e73d83)

running 1 test
test a_transaction_costs_the_same_in_a_large_delta_as_in_a_small_one ... ignored, measures time; run in release with --ignored --nocapture

test result: ok. 0 passed; 0 failed; 1 ignored; 0 measured; 0 filtered out; finished in 0.00s

     Running tests/docs_examples.rs (<build>/target/debug/deps/docs_examples-8333437cc90fe2c2)

running 5 tests
test the_section_s_rust_blocks_are_the_regions_this_file_compiles_and_runs ... ok
test the_name_check_refuses_a_name_only_this_file_defines ... ok
test every_api_name_the_section_uses_is_compiled_here ... ok
    Finished `dev` profile [unoptimized] target(s) in 0.13s
test example_four_is_refused_by_the_limit_ekr_propose_names ... ok
test examples_one_to_three_seed_build_ensure_and_commit_on_a_real_store ... ok

test result: ok. 5 passed; 0 failed; 0 ignored; 0 measured; 0 filtered out; finished in 0.25s

     Running tests/document_drift.rs (<build>/target/debug/deps/document_drift-e18da719d5ccd642)

running 17 tests
test ensure_refuses_what_no_schema_change_can_make_true_and_names_it ... ok
test the_sdk_links_only_core_and_generated_data_under_any_name_and_no_tokio ... ok
test the_sdk_pins_the_kernels_frozen_transaction_document_limits_by_name_and_bound ... ok
test a_local_mint_is_the_function_ekr_mint_runs ... ok
test a_local_hash_equals_ekr_hash_for_the_same_bytes_trailing_newline_included ... ok
test the_transaction_builder_derives_the_evidence_manifest_and_refuses_what_every_profile_refuses ... ok
test transitive_guard_follows_renamed_build_and_target_edges_but_not_dev_edges ... ok
test the_readers_refuse_the_one_key_json_form_of_a_tag_so_the_sdk_writes_tags ... ok
test every_operation_kind_ekr_lists_has_a_builder ... ok
test schema_builder_cites_retained_support_and_refuses_it_on_data_transactions ... ok
test schema_builder_cites_inline_support_without_admitting_other_data_operations ... ok
test the_seed_builder_files_every_record_under_its_id_inside_the_graph_document_envelope ... ok
test every_builder_output_is_read_by_the_kernel_and_passes_ekr_schema ... ok
test ensure_against_a_store_whose_ontology_matches_emits_no_operation_and_otherwise_evolves_it ... ok
test the_sdk_has_no_transitive_runtime_or_storage_dependency ... ok
test seed_and_data_documents_the_sdk_builds_seed_and_commit_on_a_store ... ok
test every_limit_the_sdk_checks_it_refuses_where_the_kernel_does_and_by_the_same_name ... ok

test result: ok. 17 passed; 0 failed; 0 ignored; 0 measured; 0 filtered out; finished in 1.26s

     Running tests/evidence.rs (<build>/target/debug/deps/evidence-4e54d4adf111fe38)

running 4 tests
    Finished `dev` profile [unoptimized] target(s) in 0.10s
test the_sdk_s_hashes_for_the_same_items_equal_ekr_hash ... ok
test two_runs_over_one_store_with_a_rebuilt_set_add_each_entry_once ... ok
test a_planted_rejection_never_commits_an_assertion_without_its_evidence ... ok
test one_hundred_assertions_citing_forty_items_add_forty_entries_each_explained ... ok

test result: ok. 4 passed; 0 failed; 0 ignored; 0 measured; 0 filtered out; finished in 6.45s

     Running tests/extraction_document.rs (<build>/target/debug/deps/extraction_document-080c1e5fd2734e7e)

running 2 tests
test a_node_ref_written_by_the_mirror_names_its_types_in_parameters ... ok
test the_mirror_reads_the_printed_example_and_writes_what_the_schema_accepts ... ok

test result: ok. 2 passed; 0 failed; 0 ignored; 0 measured; 0 filtered out; finished in 0.01s

     Running tests/generated_contracts.rs (<build>/target/debug/deps/generated_contracts-638647c7c761c9e8)

running 3 tests
test generated_required_fields_and_absence_remain_distinct ... ok
test generated_semantic_enum_names_preserve_legacy_wire_labels ... ok
test generated_recursive_local_schema_and_receipts_cross_the_sdk_boundary ... ok

test result: ok. 3 passed; 0 failed; 0 ignored; 0 measured; 0 filtered out; finished in 0.00s

     Running tests/knowledge.rs (<build>/target/debug/deps/knowledge-be9944eb30ff96d6)

running 1 test
test observation_builder_reuses_the_existing_source_key ... ok

test result: ok. 1 passed; 0 failed; 0 ignored; 0 measured; 0 filtered out; finished in 0.00s

     Running tests/protocol_answer.rs (<build>/target/debug/deps/protocol_answer-902133fdbed51411)

running 8 tests
test the_answer_bound_and_marker_docs_sdk_states_are_the_crates_constants ... ok
test a_one_shot_read_answer_that_is_not_json_is_kept_in_the_protocol_error ... ok
test a_session_one_shot_answer_that_is_not_json_is_kept_in_the_protocol_error ... ok
test a_session_answer_that_is_not_json_is_kept_in_the_protocol_error ... ok
test a_long_answer_is_cut_to_at_most_its_bound_on_a_character_boundary_and_marked ... ok
test an_answer_of_exactly_the_bound_is_kept_whole ... ok
test the_bound_is_counted_in_printed_bytes ... ok
test one_final_line_end_is_dropped_and_no_more ... ok

test result: ok. 8 passed; 0 failed; 0 ignored; 0 measured; 0 filtered out; finished in 2.15s

     Running tests/read.rs (<build>/target/debug/deps/read-d7aee4c65af29562)

running 9 tests
test every_closed_read_enum_reads_a_kind_a_newer_ekr_adds_as_other ... ok
test a_field_added_to_a_views_format_without_an_sdk_update_fails_the_exact_read ... ok
test a_change_kind_the_sdk_does_not_model_reads_as_other_with_every_other_change_intact ... ok
    Finished `dev` profile [unoptimized] target(s) in 0.13s
test every_views_read_of_a_real_session_is_the_document_it_printed ... ok
test a_reader_in_one_session_sees_another_sessions_commits_on_its_next_call ... ok
test an_attachment_reads_as_a_typed_link_and_a_snapshot_field ... ok
test the_five_kernel_reads_are_one_typed_value_through_a_session_and_one_shot ... ok
test the_expand_iterator_pages_a_5000_node_fixture_with_nothing_lost_or_repeated ... ok
test every_conformance_fixture_document_reads_exactly_into_its_typed_reader ... ok

test result: ok. 9 passed; 0 failed; 0 ignored; 0 measured; 0 filtered out; finished in 6.51s

     Running tests/resolve_cache.rs (<build>/target/debug/deps/resolve_cache-68557e8c5079d975)

running 4 tests
    Finished `dev` profile [unoptimized] target(s) in 0.10s
test invalidation_is_per_alias_and_ambiguous_is_a_value ... ok
test queuing_a_node_drops_cached_answers_that_share_its_aliases ... ok
test an_alias_committed_by_a_second_process_between_two_resolves_makes_no_duplicate ... ok
test resolve_requests_equal_the_distinct_references_of_a_fixture_with_repeats ... ok

test result: ok. 4 passed; 0 failed; 0 ignored; 0 measured; 0 filtered out; finished in 10.24s

     Running tests/session.rs (<build>/target/debug/deps/session-f71ac57cdb2224a0)

running 17 tests
test child_case_bare_names_on_path ... ignored, run by the_session_starts_with_an_empty_path_and_never_searches_it, ekr on PATH
test child_case_empty_path ... ignored, run by the_session_starts_with_an_empty_path_and_never_searches_it, with PATH empty
    Blocking waiting for file lock on package cache
    Blocking waiting for file lock on package cache
test the_sdk_depends_on_no_async_runtime_in_any_feature ... ok
    Finished `dev` profile [unoptimized] target(s) in 0.14s
test a_cancel_between_requests_ends_the_child_within_one_second ... ok
test a_session_that_dies_names_the_tail_of_what_it_wrote_to_stderr ... ok
test the_session_starts_with_an_empty_path_and_never_searches_it ... ok
test an_ekr_below_the_minimum_version_is_refused_naming_both_versions ... ok
test the_child_environment_holds_only_the_store_variables_or_exactly_the_given_list ... ok
test a_replayed_recording_passes_with_no_ekr_binary ... ok
test viewer_spawn_zero_returns_a_url_whose_head_answers ... ok
test every_exit_is_typed_as_an_outcome_a_refusal_a_fault_or_a_usage_error ... ok
test hash_seed_and_the_first_commit_run_through_exactly_one_ekr_process ... ok
test a_binary_that_never_answers_its_probe_is_killed_and_refused ... ok
test a_session_killed_mid_request_fails_that_call_naming_the_verb_and_every_later_call_without_a_restart ... ok
test a_cancel_from_a_sigterm_handler_ends_the_child_within_one_second_and_latches ... ok
test a_request_past_its_timeout_stops_the_child_and_latches ... ok
test a_request_over_the_line_cap_returns_the_document_of_the_one_shot_verb ... ok

test result: ok. 15 passed; 0 failed; 2 ignored; 0 measured; 0 filtered out; finished in 4.17s

     Running tests/session_close.rs (<build>/target/debug/deps/session_close-9ed77825212f89ca)

running 4 tests
test the_close_failure_message_names_the_exit_and_the_stderr_line ... ok
test a_session_that_exits_three_at_the_end_of_its_input_reports_exit_three_and_its_stderr ... ok
    Finished `dev` profile [unoptimized] target(s) in 0.09s
test a_real_session_that_exits_zero_closes_as_success ... ok
test a_session_killed_at_the_close_deadline_reports_the_kill_and_its_stderr ... ok

test result: ok. 4 passed; 0 failed; 0 ignored; 0 measured; 0 filtered out; finished in 0.71s

     Running tests/spawn_busy.rs (<build>/target/debug/deps/spawn_busy-a74d56e9d9a21053)

running 6 tests
test a_binary_that_is_not_executable_is_refused_on_the_first_attempt ... ok
test a_missing_binary_is_refused_on_the_first_attempt ... ok
test a_probe_of_a_binary_held_open_for_writing_succeeds_once_the_writer_closes ... ok
test a_viewer_starts_from_a_binary_held_open_for_writing_once_the_writer_closes ... ok
test a_session_starts_from_a_binary_held_open_for_writing_once_the_writer_closes ... ok
test a_binary_busy_past_the_bound_is_refused_as_before_with_the_busy_source ... ok

test result: ok. 6 passed; 0 failed; 0 ignored; 0 measured; 0 filtered out; finished in 1.50s

     Running unittests src/lib.rs (<build>/target/debug/deps/ekr_views-84e7776da1ad18aa)

running 7 tests
test ocel::tests::times_are_rfc_3339_in_utc_with_milliseconds_within_years_0000_to_9999 ... ok
test roles::tests::no_event_type_places_no_event_and_no_observation ... ok
test roles::tests::every_event_type_but_the_observation_type_is_an_event_whatever_its_arcs ... ok
test sample::tests::base64_is_rfc_4648_padded ... ok
test sample::tests::the_logarithm_is_within_two_units_in_the_last_place_of_the_hosts ... ok
test timeline::tests::a_request_names_the_first_broken_bound_of_hops_and_limit ... ok
test roles::tests::the_rule_places_by_the_event_types_the_observation_type_and_sources ... ok

test result: ok. 7 passed; 0 failed; 0 ignored; 0 measured; 0 filtered out; finished in 0.00s

     Running tests/adversary_add_evidence_views.rs (<build>/target/debug/deps/adversary_add_evidence_views-24c98be9fd58281d)

running 2 tests
test added_evidence_is_projected_retained_described_and_listed_as_a_change ... ok
test rendering_costs_linear_time_in_the_evidence_commits_added ... ok

test result: ok. 2 passed; 0 failed; 0 ignored; 0 measured; 0 filtered out; finished in 2.09s

     Running tests/adversary_changes_evidence.rs (<build>/target/debug/deps/adversary_changes_evidence-4ae6fb16b14a22cb)

running 6 tests
test a_valid_time_since_chooses_no_evidence_over_revisions_that_add_it ... ok
test a_range_without_an_add_evidence_answers_its_documented_bytes_exactly ... ok
test several_add_evidence_in_one_revision_follow_its_assertions_once_each_in_id_order ... ok
test a_since_or_at_on_the_add_evidence_revision_chooses_by_its_boundary ... ok
test every_page_size_splits_a_revision_of_added_evidence_without_loss_or_repetition ... ok
test the_providers_answer_the_same_bytes_for_every_range_holding_added_evidence ... ok

test result: ok. 6 passed; 0 failed; 0 ignored; 0 measured; 0 filtered out; finished in 1.41s

     Running tests/adversary_code_names.rs (<build>/target/debug/deps/adversary_code_names-be5045e014390757)

running 5 tests
test scanning_a_long_line_of_escaped_quotes_is_linear ... ok
test a_quote_of_another_kind_earlier_on_the_line_does_not_hide_a_quoted_store_name ... ok
test an_edge_type_and_a_property_the_consumer_hard_codes_are_reported_even_if_vocabulary ... ok
test a_raw_string_and_a_name_inside_single_quoted_json_are_reported ... ok
test forty_thousand_sources_answer_in_bounded_time ... ok

test result: ok. 5 passed; 0 failed; 0 ignored; 0 measured; 0 filtered out; finished in 0.72s

     Running tests/adversary_lineage.rs (<build>/target/debug/deps/adversary_lineage-cf8a9e22a14c103c)

running 2 tests
test a_version_adding_an_id_another_kind_already_uses_is_not_listed_as_empty ... ok
test one_version_with_every_schema_operation_lists_each_change_once_on_both_providers ... ok

test result: ok. 2 passed; 0 failed; 0 ignored; 0 measured; 0 filtered out; finished in 0.08s

     Running tests/adversary_ocel.rs (<build>/target/debug/deps/adversary_ocel-6854bcb007095cd3)

running 7 tests
test each_attribute_name_is_one_types ... ignored, known departure from OCEL 2.0 Definition 2, documented in views.yaml and docs/cli.md: an inherited property stays an attribute of every inheriting type, which common readers accept
test an_attribute_typed_time_holds_a_time ... ok
test a_property_a_node_holds_no_value_of_is_not_an_attribute ... ok
test no_event_precedes_the_attribute_values_of_the_objects_it_relates ... ok
test an_event_time_no_four_digit_year_writes_is_left_out_and_counted ... ok
test events_naming_an_edge_type_or_a_property_is_refused ... ok
test names_are_the_requested_revisions_own_across_a_rename ... ok

test result: ok. 6 passed; 0 failed; 1 ignored; 0 measured; 0 filtered out; finished in 0.12s

     Running tests/adversary_pass2.rs (<build>/target/debug/deps/adversary_pass2-3d5e89d636128e1a)

running 3 tests
test a_redeclaration_that_differs_only_in_what_the_format_does_not_carry_is_projected ... ok
test a_redeclaration_that_differs_only_in_name_projects_each_types_own_name ... ok
test a_superseded_assertion_projects_its_lifecycle_and_closed_valid_time_only_from_its_revision ... ok

test result: ok. 3 passed; 0 failed; 0 ignored; 0 measured; 0 filtered out; finished in 0.10s

     Running tests/adversary_perf02_m_past_revisions.rs (<build>/target/debug/deps/adversary_perf02_m_past_revisions-2fc677364bb4e0c6)

running 2 tests
test the_sqlite_provider_projects_past_revisions_identically_warm_and_cold ... ok
test the_file_provider_projects_past_revisions_identically_warm_and_cold ... ok

test result: ok. 2 passed; 0 failed; 0 ignored; 0 measured; 0 filtered out; finished in 1.18s

     Running tests/adversary_property_redeclaration.rs (<build>/target/debug/deps/adversary_property_redeclaration-c8b0fa967963c1e1)

running 4 tests
test a_property_two_types_declare_identically_renders_once_without_owners ... ok
test a_property_a_node_type_and_an_edge_type_declare_differently_is_projected_for_each ... ok
test a_property_redeclared_by_a_child_type_is_projected_with_each_types_own_definition ... ok
test the_redeclaring_schema_change_projects_per_type_from_its_revision_only ... ok

test result: ok. 4 passed; 0 failed; 0 ignored; 0 measured; 0 filtered out; finished in 0.04s

     Running tests/adversary_quality.rs (<build>/target/debug/deps/adversary_quality-94f82059befc807e)

running 6 tests
test a_share_that_does_not_divide_is_rounded_down_and_an_inherited_property_counts_at_its_declarer ... ok
test the_property_and_assertion_figures_follow_each_revisions_schema_and_lifecycle ... ok
test seed_counts_classify_evidence_identity_even_when_payload_hashes_are_equal ... ok
test attached_seed_counts_follow_retraction_without_rewriting_historical_counts ... ok
test one_name_two_thousand_nodes_share_is_one_entry_listing_every_node_by_id ... ok
test a_whole_of_zero_omits_its_share ... ok

test result: ok. 6 passed; 0 failed; 0 ignored; 0 measured; 0 filtered out; finished in 0.53s

     Running tests/adversary_query_pass1.rs (<build>/target/debug/deps/adversary_query_pass1-06d07dcdd5ae247a)

running 5 tests
test search_tiers_fields_and_aliases_are_the_ones_views_yaml_names ... ok
test a_revision_answers_the_same_bytes_after_unrelated_commits ... ok
test every_detail_of_every_revision_carries_every_assertion_about_and_at_the_node ... ok
test every_page_of_generated_graphs_is_the_page_views_yaml_describes ... ok
test the_default_overview_of_ten_types_dated_weekly_for_ten_years_stays_under_300_kb ... ok

test result: ok. 5 passed; 0 failed; 0 ignored; 0 measured; 0 filtered out; finished in 2.25s

     Running tests/adversary_views_floor_weakened.rs (<build>/target/debug/deps/adversary_views_floor_weakened-67c7742eb063dcb2)

running 1 test
test adversary_views_floor_a_scenario_kept_by_name_with_its_expectations_stripped_fails_the_baseline ... ok

test result: ok. 1 passed; 0 failed; 0 ignored; 0 measured; 0 filtered out; finished in 7.10s

     Running tests/adversary_views_head_pass1.rs (<build>/target/debug/deps/adversary_views_head_pass1-3416603f5e799005)

running 4 tests
test adversary_views_head_a_sqlite_index_held_across_commits_is_a_fresh_load ... ok
test adversary_views_head_the_sqlite_provider_reopened_after_commits_answers_every_past_revision_as_before ... ok
test adversary_views_head_a_file_index_held_across_commits_is_a_fresh_load ... ok
test adversary_views_head_the_file_provider_reopened_after_commits_answers_every_past_revision_as_before ... ok

test result: ok. 4 passed; 0 failed; 0 ignored; 0 measured; 0 filtered out; finished in 0.45s

     Running tests/adversary_x6_j.rs (<build>/target/debug/deps/adversary_x6_j-654342fc19be1345)

running 5 tests
test a_diamond_with_two_differing_parents_and_a_resolving_child_projects_each_definition ... ok
test an_inheriting_subtype_of_a_redeclaring_type_has_a_definition_the_projection_names ... ok
test per_type_entries_do_not_depend_on_declaration_order ... ok
test name_only_kind_only_and_required_only_redeclarations_on_an_abstract_parent ... ok
test a_redeclaration_unified_again_returns_to_one_entry_without_owners ... ok

test result: ok. 5 passed; 0 failed; 0 ignored; 0 measured; 0 filtered out; finished in 0.02s

     Running tests/adversary_x6_q.rs (<build>/target/debug/deps/adversary_x6_q-5e1eb953c9da622e)

running 9 tests
test z_is_within_four_units_in_the_last_place_of_the_true_quantile_across_the_range ... ok
test the_documented_example_prints_what_the_library_computes_after_the_clis_parse ... ok
test z_rises_at_every_basis_point_including_the_seam_between_the_two_branches ... ok
test a_samples_meta_cut_to_its_origin_fields_reads_back_and_is_echoed_unchanged ... ok
test a_subtypes_fact_names_the_property_it_inherits_and_the_supertype_filter_leaves_it_out ... ok
test evidence_bytes_that_are_not_utf8_are_printed_as_padded_base64_and_never_as_text ... ok
test no_seed_at_any_revision_draws_a_retracted_or_superseded_assertion ... ok
test every_binary64_the_report_holds_survives_the_parse_each_cli_and_session_answer_makes ... ok
test the_interval_at_n_1_at_the_confidence_bounds_and_at_a_million_is_the_closed_form ... ok

test result: ok. 9 passed; 0 failed; 0 ignored; 0 measured; 0 filtered out; finished in 9.98s

     Running tests/changes.rs (<build>/target/debug/deps/changes-62dc590aadf367e7)

running 9 tests
test a_host_takes_since_as_exactly_one_of_three_inputs ... ok
test the_refusals_come_in_the_declared_order ... ok
test a_transaction_time_since_lists_the_changes_of_the_revisions_committed_after_it ... ok
test a_valid_time_since_lists_the_assertion_changes_valid_after_it ... ok
test a_revision_since_lists_exactly_the_changes_of_the_revisions_after_it ... ok
test an_add_evidence_in_the_range_is_listed_once_with_its_revision_source_and_payload_hash ... ok
test two_reads_of_one_since_and_at_are_byte_identical_before_and_after_an_unrelated_commit ... ok
test a_limit_and_a_cursor_page_through_the_changes_with_nothing_lost_or_repeated ... ok
test a_range_without_an_add_evidence_answers_the_bytes_it_answered_before ... ok

test result: ok. 9 passed; 0 failed; 0 ignored; 0 measured; 0 filtered out; finished in 1.11s

     Running tests/changes_adversary.rs (<build>/target/debug/deps/changes_adversary-58452537977fe313)

running 6 tests
test a_cursor_at_the_last_change_and_at_a_revision_boundary_pages_exactly ... ok
test a_valid_time_since_reads_a_supersession_only_from_the_revisions_up_to_at ... ok
test a_read_that_does_not_choose_the_seed_begins_no_replay_at_the_seed ... ok
test every_limit_from_one_to_the_most_pages_the_same_sequence ... ok
test since_equal_to_or_after_at_chooses_nothing_and_past_the_head_is_refused ... ok
test the_file_and_sqlite_providers_answer_the_same_bytes_for_every_request ... ok

test result: ok. 6 passed; 0 failed; 0 ignored; 0 measured; 0 filtered out; finished in 0.75s

     Running tests/code_names.rs (<build>/target/debug/deps/code_names-13c46c4bf7bab846)

running 6 tests
test a_literal_is_the_text_between_two_quotes_of_one_character_on_one_line ... ok
test no_source_answers_no_finding_and_an_unknown_revision_is_refused ... ok
test the_answer_is_byte_identical_whatever_the_order_the_sources_came_in ... ok
test every_planted_name_is_found_with_its_file_and_line_and_runtime_words_are_flagged ... ok
test whole_words_include_comments_and_identifiers_but_exclude_longer_unicode_words ... ok
test the_runtime_vocabulary_is_every_name_the_ess_domains_declare ... ok

test result: ok. 6 passed; 0 failed; 0 ignored; 0 measured; 0 filtered out; finished in 0.08s

     Running tests/conformance.rs (<build>/target/debug/deps/conformance-efca64d586997572)

running 4 tests
test the_committed_suite_is_the_complete_views_inventory ... ok
test the_provenance_and_the_baseline_name_every_authored_scenario_file ... ok
test the_sqlite_provider_passes_every_admitted_views_scenario ... ok
test the_file_provider_passes_every_admitted_views_scenario ... ok

test result: ok. 4 passed; 0 failed; 0 ignored; 0 measured; 0 filtered out; finished in 6.38s

     Running tests/determinism.rs (<build>/target/debug/deps/determinism-39f4ef4fc9dbcfa6)

running 6 tests
test render_in_a_child_process ... ok

running 1 test
test render_in_a_child_process ... ok

test result: ok. 1 passed; 0 failed; 0 ignored; 0 measured; 5 filtered out; finished in 0.01s


running 1 test
test render_in_a_child_process ... ok

test result: ok. 1 passed; 0 failed; 0 ignored; 0 measured; 5 filtered out; finished in 0.02s

test the_sqlite_provider_answers_a_past_revision_identically_after_a_later_commit ... ok
test both_providers_render_every_revision_of_one_fixture_to_the_same_bytes ... ok
test the_file_provider_answers_a_past_revision_identically_after_a_later_commit ... ok
test the_sqlite_provider_renders_one_revision_identically_three_times ... ok
test the_file_provider_renders_one_revision_identically_three_times ... ok

test result: ok. 6 passed; 0 failed; 0 ignored; 0 measured; 0 filtered out; finished in 6.31s

     Running tests/document.rs (<build>/target/debug/deps/document-78e0c2ad2fb0d19f)

running 6 tests
test an_unseeded_store_and_an_absent_revision_are_refused_by_name ... ok
test edges_carry_the_assertions_about_them_and_evidence_is_identity_only ... ok
test the_head_projection_opens_with_its_meta_in_declared_order_and_no_whitespace ... ok
test the_schema_lists_each_version_from_its_first_revision_and_every_revision_up_to_the_projected_one ... ok
test the_ontology_is_the_projected_revisions_sorted_by_id ... ok
test nodes_carry_their_assertions_aliases_in_store_order_and_no_absent_optional ... ok

test result: ok. 6 passed; 0 failed; 0 ignored; 0 measured; 0 filtered out; finished in 0.34s

     Running tests/lineage.rs (<build>/target/debug/deps/lineage-2a2276adb851e28f)

running 2 tests
test each_version_lists_the_ends_it_widened_and_the_properties_it_modified_on_both_providers ... ok
test a_store_without_widened_ends_or_modified_properties_answers_the_bytes_it_answered_before ... ok

test result: ok. 2 passed; 0 failed; 0 ignored; 0 measured; 0 filtered out; finished in 0.78s

     Running tests/ocel.rs (<build>/target/debug/deps/ocel-556a1ec4c6ce23f1)

running 10 tests
test an_ocel_2_0_reader_reads_the_log_back_with_its_events_objects_and_relationships ... ok
test the_event_types_are_exactly_those_the_overview_marks ... ok
test the_log_holds_what_the_ocel_2_0_json_schema_requires ... ok
test the_pure_half_renders_an_index_to_the_exported_bytes ... ok
test an_unseeded_store_and_a_revision_beyond_the_head_are_refused_by_name ... ok
test a_name_no_node_type_holds_is_refused_naming_the_first_such_name ... ok
test by_the_overviews_rule_each_revision_exports_the_fixtures_log_and_the_heads_bytes_are_pinned ... ok
test named_event_types_replace_the_rules_and_leave_undated_events_out ... ok
test a_named_inherited_timestamp_controls_events_at_the_requested_revision ... ok
test two_reads_of_one_request_are_byte_identical_on_both_providers_before_and_after_a_commit ... ok

test result: ok. 10 passed; 0 failed; 0 ignored; 0 measured; 0 filtered out; finished in 0.28s

     Running tests/one_event_type_rule.rs (<build>/target/debug/deps/one_event_type_rule-6e50c1db3989ce07)

running 3 tests
test every_fixture_is_listed ... ok
test view_roles_is_the_roles_body_of_every_fixture ... ok
test roles_the_timeline_and_ocel_agree_on_the_event_types_of_every_fixture ... ok

test result: ok. 3 passed; 0 failed; 0 ignored; 0 measured; 0 filtered out; finished in 2.19s

     Running tests/pure_render.rs (<build>/target/debug/deps/pure_render-0a6114d043126171)

running 1 test
test a_loaded_revision_renders_the_same_bytes_every_time_and_the_same_as_project ... ok

test result: ok. 1 passed; 0 failed; 0 ignored; 0 measured; 0 filtered out; finished in 0.13s

     Running tests/quality.rs (<build>/target/debug/deps/quality-265c8adeae175acd)

running 7 tests
test the_pure_half_answers_the_reads_bytes_from_the_loaded_revision_and_the_seeds_evidence ... ok
test the_document_of_revision_zero_is_exactly_the_formats_bytes ... ok
test an_unseeded_store_and_a_revision_beyond_the_head_are_refused_by_name ... ok
test every_figure_of_every_revision_equals_the_fixtures_count_on_both_providers ... ok
test retained_seed_attachments_count_once_and_declaring_types_do_not_count_inheritance ... ok
test attached_evidence_counts_in_both_evidence_figures ... ok
test two_reads_of_one_revision_are_byte_identical_on_both_providers_and_after_a_later_commit ... ok

test result: ok. 7 passed; 0 failed; 0 ignored; 0 measured; 0 filtered out; finished in 0.27s

     Running tests/query.rs (<build>/target/debug/deps/query-6c70fd156321e2e9)

running 15 tests
test every_bound_refuses_one_past_it_naming_the_first_broken_input ... ok
test a_slice_edge_carries_the_ids_of_the_assertions_about_it ... ok
test an_unseeded_store_and_an_absent_revision_are_refused_before_any_node_is_looked_up ... ok
test a_detail_carries_the_node_its_own_and_incoming_assertions_its_edges_and_neighbours ... ok
test a_node_created_later_is_not_found_at_an_earlier_revision ... ok
test the_overview_counts_growth_per_revision_from_recorded_time ... ok
test a_commit_keeps_every_held_index_and_moves_only_what_none_names ... ok
test the_overview_derives_roles_and_monday_weeks_from_valid_time ... ok
test the_cache_keeps_the_three_most_recently_used_revisions_by_revision ... ok
test the_overview_opens_with_its_meta_and_lists_its_sections_in_declared_order ... ok
test distance_orders_before_degree_and_a_seed_set_ignores_order_and_repetition ... ok
test exact_matches_come_before_folded_ones_whatever_their_degree ... ok
test a_host_pages_a_slice_record_by_record_and_reads_each_format_tag ... ok
test both_providers_answer_every_read_of_every_revision_with_the_same_bytes_every_time ... ok
test a_slice_lists_each_node_before_the_edges_it_closes_and_pages_by_record ... ok

test result: ok. 15 passed; 0 failed; 0 ignored; 0 measured; 0 filtered out; finished in 0.56s

     Running tests/reads_only.rs (<build>/target/debug/deps/reads_only-cf31b54e0a864240)

running 1 test
test no_write_path_of_the_kernel_is_named_in_this_crates_source ... ok

test result: ok. 1 passed; 0 failed; 0 ignored; 0 measured; 0 filtered out; finished in 0.00s

     Running tests/replays.rs (<build>/target/debug/deps/replays-764839082843e6a6)

running 1 test
test a_load_replays_at_most_once_whatever_the_schema_versions_and_revision ... ok

test result: ok. 1 passed; 0 failed; 0 ignored; 0 measured; 0 filtered out; finished in 0.58s

     Running tests/sample.rs (<build>/target/debug/deps/sample-7630db73357c012a)

running 15 tests
test a_size_outside_1_to_1000_is_refused_before_the_store_is_read ... ok
test a_confidence_outside_1_to_9999_and_a_fact_judged_twice_are_refused ... ok
test no_judgement_reports_an_explicit_null_rate_and_the_vacuous_interval ... ok
test the_judgements_document_reads_and_writes_its_format_and_refuses_anything_else ... ok
test the_report_is_the_same_bytes_for_the_same_input_and_echoes_the_sample ... ok
test z_is_the_published_normal_quantile_at_the_stated_confidence ... ok
test for_a_judged_fixture_of_known_results_the_rate_and_interval_equal_the_closed_form_wilson_values ... ok
test a_fact_about_an_edge_names_its_edge_type_and_no_subject_name ... ok
test an_unseeded_store_and_a_revision_beyond_the_head_are_refused_by_name ... ok
test the_draw_key_bounds_formats_and_interval_functions_are_what_the_draw_and_report_use ... ok
test a_later_commit_leaves_an_earlier_revisions_sample_as_it_was ... ok
test the_document_carries_the_request_and_each_fact_with_its_names_and_evidence_bytes ... ok
test another_seed_draws_another_sample_and_a_larger_size_extends_the_smaller ... ok
test a_type_filter_draws_only_the_facts_whose_subject_is_of_that_type ... ok
test the_same_seed_size_and_revision_draw_the_same_sample_on_both_providers ... ok

test result: ok. 15 passed; 0 failed; 0 ignored; 0 measured; 0 filtered out; finished in 0.27s

     Running tests/shared_id.rs (<build>/target/debug/deps/shared_id-fe08210c1488bbc2)

running 2 tests
test the_four_reads_keep_a_node_and_an_edge_that_share_an_id_apart ... ok
test the_projection_lists_each_records_own_assertions_when_a_node_and_an_edge_share_an_id ... ok

test result: ok. 2 passed; 0 failed; 0 ignored; 0 measured; 0 filtered out; finished in 0.05s

     Running tests/timeline.rs (<build>/target/debug/deps/timeline-394ca0046a7feacd)

running 7 tests
test a_request_keeps_its_inputs_and_the_document_names_its_format ... ok
test a_named_subject_answers_its_row_alone_with_its_events_and_their_paths ... ok
test each_holder_row_holds_the_events_the_walk_reaches_within_one_two_and_three_hops ... ok
test row_types_are_the_non_event_types_ranked_by_weight_per_node ... ok
test the_rows_are_cut_at_the_limit_and_weeks_start_on_monday ... ok
test both_providers_answer_the_same_bytes_every_time ... ok
test the_default_overview_of_ten_types_dated_weekly_for_ten_years_stays_under_300_kb ... ok

test result: ok. 7 passed; 0 failed; 0 ignored; 0 measured; 0 filtered out; finished in 1.84s

   Doc-tests ekr_sdk

running 0 tests

test result: ok. 0 passed; 0 failed; 0 ignored; 0 measured; 0 filtered out; finished in 0.00s

   Doc-tests ekr_views

running 0 tests

test result: ok. 0 passed; 0 failed; 0 ignored; 0 measured; 0 filtered out; finished in 0.00s

